../Core/Src/main.c:29:13:DBG	1
../Core/Src/main.c:33:13:DBG_Hex	1
../Core/Src/main.c:40:17:ReadLine	10
../Core/Src/main.c:67:17:ReadHex32	1
../Core/Src/main.c:73:17:ReadHex16	1
../Core/Src/main.c:81:13:Cmd_Info	13
../Core/Src/main.c:112:13:Cmd_Read	5
../Core/Src/main.c:140:13:Cmd_ReadAll	4
../Core/Src/main.c:171:13:Cmd_Erase	3
../Core/Src/main.c:191:13:Cmd_Write	21
../Core/Src/main.c:243:13:Cmd_CalcCRC	8
../Core/Src/main.c:298:13:Cmd_CheckCRC	9
../Core/Src/main.c:366:13:Cmd_Reset	1
../Core/Src/main.c:373:13:Cmd_Help	1
../Core/Src/main.c:397:5:main	12
../Core/Src/main.c:445:6:SystemClock_Config	4
../Core/Src/main.c:477:13:MX_USART1_UART_Init	2
../Core/Src/main.c:495:13:MX_USART2_UART_Init	2
../Core/Src/main.c:513:13:MX_GPIO_Init	1
../Core/Src/main.c:538:6:Error_Handler	1
