../Core/Src/main.c:29:13:DBG	16	static
../Core/Src/main.c:33:13:DBG_Hex	32	static
../Core/Src/main.c:40:17:ReadLine	24	static
../Core/Src/main.c:67:17:ReadHex32	24	static
../Core/Src/main.c:73:17:ReadHex16	16	static
../Core/Src/main.c:81:13:Cmd_Info	16	static
../Core/Src/main.c:112:13:Cmd_Read	280	static
../Core/Src/main.c:140:13:Cmd_ReadAll	360	static
../Core/Src/main.c:171:13:Cmd_Erase	16	static
../Core/Src/main.c:191:13:Cmd_Write	288	static
../Core/Src/main.c:243:13:Cmd_CalcCRC	360	static
../Core/Src/main.c:298:13:Cmd_CheckCRC	368	static
../Core/Src/main.c:366:13:Cmd_Reset	8	static
../Core/Src/main.c:373:13:Cmd_Help	8	static
../Core/Src/main.c:397:5:main	16	static
../Core/Src/main.c:445:6:SystemClock_Config	120	static
../Core/Src/main.c:477:13:MX_USART1_UART_Init	8	static
../Core/Src/main.c:495:13:MX_USART2_UART_Init	8	static
../Core/Src/main.c:513:13:MX_GPIO_Init	40	static
../Core/Src/main.c:538:6:Error_Handler	4	static,ignoring_inline_asm
