../Core/Src/modules.c:10:6:BOOT_Start	8	static
../Core/Src/modules.c:18:6:BOOT_Stop	8	static
../Core/Src/modules.c:29:13:UART_SetMode_8N1	8	static
../Core/Src/modules.c:45:13:UART_SetMode_9B_Even	8	static
../Core/Src/modules.c:65:13:UART_FlushRX	16	static
../Core/Src/modules.c:72:16:WaitACK	24	static
../Core/Src/modules.c:82:9:BL_Sync	16	static
../Core/Src/modules.c:105:9:BL_GetVersion	24	static
../Core/Src/modules.c:121:9:BL_ReadMemory	40	static
../Core/Src/modules.c:151:9:BL_EraseMemory	16	static
../Core/Src/modules.c:171:9:BL_WriteMemory	40	static
../Core/Src/modules.c:208:10:CRC32_Calculate	32	static
../Core/Src/modules.c:230:9:BL_VerifyCRC	304	static
