../Core/Src/main.c:122:5:main	8	static
../Core/Src/main.c:226:6:SystemClock_Config	72	static
../Core/Src/main.c:263:13:MX_I2C1_Init	8	static
../Core/Src/main.c:297:13:MX_I2C2_Init	8	static
../Core/Src/main.c:331:13:MX_USART1_UART_Init	8	static
../Core/Src/main.c:362:13:MX_DMA_Init	16	static
../Core/Src/main.c:380:13:MX_GPIO_Init	40	static
../Core/Src/main.c:419:6:StartDefaultTask	16	static
../Core/Src/main.c:437:6:StartTask02	24	static
../Core/Src/main.c:482:6:StartTask03	16	static
../Core/Src/main.c:500:6:StartTask04	16	static
../Core/Src/main.c:515:6:Error_Handler	4	static,ignoring_inline_asm
