Archive member included to satisfy reference by file (symbol)

D:/stm/STM32CubeIDE_1.18.1/STM32CubeIDE/plugins/com.st.stm32cube.ide.mcu.externaltools.gnu-tools-for-stm32.13.3.rel1.win32_1.0.0.202411081344/tools/bin/../lib/gcc/arm-none-eabi/13.3.1/../../../../arm-none-eabi/lib/thumb/v8-m.main+fp/hard\libc_nano.a(libc_a-exit.o)
                              D:/stm/STM32CubeIDE_1.18.1/STM32CubeIDE/plugins/com.st.stm32cube.ide.mcu.externaltools.gnu-tools-for-stm32.13.3.rel1.win32_1.0.0.202411081344/tools/bin/../lib/gcc/arm-none-eabi/13.3.1/../../../../arm-none-eabi/lib/thumb/v8-m.main+fp/hard/crt0.o (exit)
D:/stm/STM32CubeIDE_1.18.1/STM32CubeIDE/plugins/com.st.stm32cube.ide.mcu.externaltools.gnu-tools-for-stm32.13.3.rel1.win32_1.0.0.202411081344/tools/bin/../lib/gcc/arm-none-eabi/13.3.1/../../../../arm-none-eabi/lib/thumb/v8-m.main+fp/hard\libc_nano.a(libc_a-strtoul.o)
                              ./Core/Src/main.o (strtoul)
D:/stm/STM32CubeIDE_1.18.1/STM32CubeIDE/plugins/com.st.stm32cube.ide.mcu.externaltools.gnu-tools-for-stm32.13.3.rel1.win32_1.0.0.202411081344/tools/bin/../lib/gcc/arm-none-eabi/13.3.1/../../../../arm-none-eabi/lib/thumb/v8-m.main+fp/hard\libc_nano.a(libc_a-ctype_.o)
                              D:/stm/STM32CubeIDE_1.18.1/STM32CubeIDE/plugins/com.st.stm32cube.ide.mcu.externaltools.gnu-tools-for-stm32.13.3.rel1.win32_1.0.0.202411081344/tools/bin/../lib/gcc/arm-none-eabi/13.3.1/../../../../arm-none-eabi/lib/thumb/v8-m.main+fp/hard\libc_nano.a(libc_a-strtoul.o) (_ctype_)
D:/stm/STM32CubeIDE_1.18.1/STM32CubeIDE/plugins/com.st.stm32cube.ide.mcu.externaltools.gnu-tools-for-stm32.13.3.rel1.win32_1.0.0.202411081344/tools/bin/../lib/gcc/arm-none-eabi/13.3.1/../../../../arm-none-eabi/lib/thumb/v8-m.main+fp/hard\libc_nano.a(libc_a-findfp.o)
                              D:/stm/STM32CubeIDE_1.18.1/STM32CubeIDE/plugins/com.st.stm32cube.ide.mcu.externaltools.gnu-tools-for-stm32.13.3.rel1.win32_1.0.0.202411081344/tools/bin/../lib/gcc/arm-none-eabi/13.3.1/../../../../arm-none-eabi/lib/thumb/v8-m.main+fp/hard\libc_nano.a(libc_a-exit.o) (__stdio_exit_handler)
D:/stm/STM32CubeIDE_1.18.1/STM32CubeIDE/plugins/com.st.stm32cube.ide.mcu.externaltools.gnu-tools-for-stm32.13.3.rel1.win32_1.0.0.202411081344/tools/bin/../lib/gcc/arm-none-eabi/13.3.1/../../../../arm-none-eabi/lib/thumb/v8-m.main+fp/hard\libc_nano.a(libc_a-fwalk.o)
                              D:/stm/STM32CubeIDE_1.18.1/STM32CubeIDE/plugins/com.st.stm32cube.ide.mcu.externaltools.gnu-tools-for-stm32.13.3.rel1.win32_1.0.0.202411081344/tools/bin/../lib/gcc/arm-none-eabi/13.3.1/../../../../arm-none-eabi/lib/thumb/v8-m.main+fp/hard\libc_nano.a(libc_a-findfp.o) (_fwalk_sglue)
D:/stm/STM32CubeIDE_1.18.1/STM32CubeIDE/plugins/com.st.stm32cube.ide.mcu.externaltools.gnu-tools-for-stm32.13.3.rel1.win32_1.0.0.202411081344/tools/bin/../lib/gcc/arm-none-eabi/13.3.1/../../../../arm-none-eabi/lib/thumb/v8-m.main+fp/hard\libc_nano.a(libc_a-sprintf.o)
                              ./Core/Src/main.o (sprintf)
D:/stm/STM32CubeIDE_1.18.1/STM32CubeIDE/plugins/com.st.stm32cube.ide.mcu.externaltools.gnu-tools-for-stm32.13.3.rel1.win32_1.0.0.202411081344/tools/bin/../lib/gcc/arm-none-eabi/13.3.1/../../../../arm-none-eabi/lib/thumb/v8-m.main+fp/hard\libc_nano.a(libc_a-stdio.o)
                              D:/stm/STM32CubeIDE_1.18.1/STM32CubeIDE/plugins/com.st.stm32cube.ide.mcu.externaltools.gnu-tools-for-stm32.13.3.rel1.win32_1.0.0.202411081344/tools/bin/../lib/gcc/arm-none-eabi/13.3.1/../../../../arm-none-eabi/lib/thumb/v8-m.main+fp/hard\libc_nano.a(libc_a-findfp.o) (__sread)
D:/stm/STM32CubeIDE_1.18.1/STM32CubeIDE/plugins/com.st.stm32cube.ide.mcu.externaltools.gnu-tools-for-stm32.13.3.rel1.win32_1.0.0.202411081344/tools/bin/../lib/gcc/arm-none-eabi/13.3.1/../../../../arm-none-eabi/lib/thumb/v8-m.main+fp/hard\libc_nano.a(libc_a-memset.o)
                              D:/stm/STM32CubeIDE_1.18.1/STM32CubeIDE/plugins/com.st.stm32cube.ide.mcu.externaltools.gnu-tools-for-stm32.13.3.rel1.win32_1.0.0.202411081344/tools/bin/../lib/gcc/arm-none-eabi/13.3.1/../../../../arm-none-eabi/lib/thumb/v8-m.main+fp/hard/crt0.o (memset)
D:/stm/STM32CubeIDE_1.18.1/STM32CubeIDE/plugins/com.st.stm32cube.ide.mcu.externaltools.gnu-tools-for-stm32.13.3.rel1.win32_1.0.0.202411081344/tools/bin/../lib/gcc/arm-none-eabi/13.3.1/../../../../arm-none-eabi/lib/thumb/v8-m.main+fp/hard\libc_nano.a(libc_a-closer.o)
                              D:/stm/STM32CubeIDE_1.18.1/STM32CubeIDE/plugins/com.st.stm32cube.ide.mcu.externaltools.gnu-tools-for-stm32.13.3.rel1.win32_1.0.0.202411081344/tools/bin/../lib/gcc/arm-none-eabi/13.3.1/../../../../arm-none-eabi/lib/thumb/v8-m.main+fp/hard\libc_nano.a(libc_a-stdio.o) (_close_r)
D:/stm/STM32CubeIDE_1.18.1/STM32CubeIDE/plugins/com.st.stm32cube.ide.mcu.externaltools.gnu-tools-for-stm32.13.3.rel1.win32_1.0.0.202411081344/tools/bin/../lib/gcc/arm-none-eabi/13.3.1/../../../../arm-none-eabi/lib/thumb/v8-m.main+fp/hard\libc_nano.a(libc_a-reent.o)
[...]
Memory Configuration

Name             Origin             Length             Attributes
RAM              0x20000000         0x00008000         xrw
FLASH            0x08000000         0x00020000         xr
*default*        0x00000000         0xffffffff

Linker script and memory map

LOAD D:/stm/STM32CubeIDE_1.18.1/STM32CubeIDE/plugins/com.st.stm32cube.ide.mcu.externaltools.gnu-tools-for-stm32.13.3.rel1.win32_1.0.0.202411081344/tools/bin/../lib/gcc/arm-none-eabi/13.3.1/thumb/v8-m.main+fp/hard/crti.o
LOAD D:/stm/STM32CubeIDE_1.18.1/STM32CubeIDE/plugins/com.st.stm32cube.ide.mcu.externaltools.gnu-tools-for-stm32.13.3.rel1.win32_1.0.0.202411081344/tools/bin/../lib/gcc/arm-none-eabi/13.3.1/thumb/v8-m.main+fp/hard/crtbegin.o
LOAD D:/stm/STM32CubeIDE_1.18.1/STM32CubeIDE/plugins/com.st.stm32cube.ide.mcu.externaltools.gnu-tools-for-stm32.13.3.rel1.win32_1.0.0.202411081344/tools/bin/../lib/gcc/arm-none-eabi/13.3.1/../../../../arm-none-eabi/lib/thumb/v8-m.main+fp/hard/crt0.o
LOAD ./Core/Src/main.o
LOAD ./Core/Src/modules.o
LOAD ./Core/Src/stm32h5xx_hal_msp.o
LOAD ./Core/Src/stm32h5xx_it.o
LOAD ./Core/Src/syscalls.o
LOAD ./Core/Src/sysmem.o
LOAD ./Core/Src/system_stm32h5xx.o
LOAD ./Core/Startup/startup_stm32h503cbtx.o
LOAD ./Drivers/STM32H5xx_HAL_Driver/Src/stm32h5xx_hal.o
LOAD ./Drivers/STM32H5xx_HAL_Driver/Src/stm32h5xx_hal_cortex.o
LOAD ./Drivers/STM32H5xx_HAL_Driver/Src/stm32h5xx_hal_dma.o
LOAD ./Drivers/STM32H5xx_HAL_Driver/Src/stm32h5xx_hal_dma_ex.o
LOAD ./Drivers/STM32H5xx_HAL_Driver/Src/stm32h5xx_hal_exti.o
LOAD ./Drivers/STM32H5xx_HAL_Driver/Src/stm32h5xx_hal_flash.o
LOAD ./Drivers/STM32H5xx_HAL_Driver/Src/stm32h5xx_hal_flash_ex.o
LOAD ./Drivers/STM32H5xx_HAL_Driver/Src/stm32h5xx_hal_gpio.o
LOAD ./Drivers/STM32H5xx_HAL_Driver/Src/stm32h5xx_hal_pwr.o
LOAD ./Drivers/STM32H5xx_HAL_Driver/Src/stm32h5xx_hal_pwr_ex.o
LOAD ./Drivers/STM32H5xx_HAL_Driver/Src/stm32h5xx_hal_rcc.o
LOAD ./Drivers/STM32H5xx_HAL_Driver/Src/stm32h5xx_hal_rcc_ex.o
LOAD ./Drivers/STM32H5xx_HAL_Driver/Src/stm32h5xx_hal_uart.o
LOAD ./Drivers/STM32H5xx_HAL_Driver/Src/stm32h5xx_hal_uart_ex.o
START GROUP
LOAD D:/stm/STM32CubeIDE_1.18.1/STM32CubeIDE/plugins/com.st.stm32cube.ide.mcu.externaltools.gnu-tools-for-stm32.13.3.rel1.win32_1.0.0.202411081344/tools/bin/../lib/gcc/arm-none-eabi/13.3.1/../../../../arm-none-eabi/lib/thumb/v8-m.main+fp/hard\libc_nano.a
LOAD D:/stm/STM32CubeIDE_1.18.1/STM32CubeIDE/plugins/com.st.stm32cube.ide.mcu.externaltools.gnu-tools-for-stm32.13.3.rel1.win32_1.0.0.202411081344/tools/bin/../lib/gcc/arm-none-eabi/13.3.1/../../../../arm-none-eabi/lib/thumb/v8-m.main+fp/hard\libm.a
END GROUP
START GROUP
LOAD D:/stm/STM32CubeIDE_1.18.1/STM32CubeIDE/plugins/com.st.stm32cube.ide.mcu.externaltools.gnu-tools-for-stm32.13.3.rel1.win32_1.0.0.202411081344/tools/bin/../lib/gcc/arm-none-eabi/13.3.1/thumb/v8-m.main+fp/hard\libgcc.a
LOAD D:/stm/STM32CubeIDE_1.18.1/STM32CubeIDE/plugins/com.st.stm32cube.ide.mcu.externaltools.gnu-tools-for-stm32.13.3.rel1.win32_1.0.0.202411081344/tools/bin/../lib/gcc/arm-none-eabi/13.3.1/../../../../arm-none-eabi/lib/thumb/v8-m.main+fp/hard\libc_nano.a
END GROUP
START GROUP
LOAD D:/stm/STM32CubeIDE_1.18.1/STM32CubeIDE/plugins/com.st.stm32cube.ide.mcu.externaltools.gnu-tools-for-stm32.13.3.rel1.win32_1.0.0.202411081344/tools/bin/../lib/gcc/arm-none-eabi/13.3.1/thumb/v8-m.main+fp/hard\libgcc.a
LOAD D:/stm/STM32CubeIDE_1.18.1/STM32CubeIDE/plugins/com.st.stm32cube.ide.mcu.externaltools.gnu-tools-for-stm32.13.3.rel1.win32_1.0.0.202411081344/tools/bin/../lib/gcc/arm-none-eabi/13.3.1/../../../../arm-none-eabi/lib/thumb/v8-m.main+fp/hard\libc_nano.a
LOAD D:/stm/STM32CubeIDE_1.18.1/STM32CubeIDE/plugins/com.st.stm32cube.ide.mcu.externaltools.gnu-tools-for-stm32.13.3.rel1.win32_1.0.0.202411081344/tools/bin/../lib/gcc/arm-none-eabi/13.3.1/../../../../arm-none-eabi/lib/thumb/v8-m.main+fp/hard\libnosys.a
END GROUP
START GROUP
LOAD D:/stm/STM32CubeIDE_1.18.1/STM32CubeIDE/plugins/com.st.stm32cube.ide.mcu.externaltools.gnu-tools-for-stm32.13.3.rel1.win32_1.0.0.202411081344/tools/bin/../lib/gcc/arm-none-eabi/13.3.1/thumb/v8-m.main+fp/hard\libgcc.a
LOAD D:/stm/STM32CubeIDE_1.18.1/STM32CubeIDE/plugins/com.st.stm32cube.ide.mcu.externaltools.gnu-tools-for-stm32.13.3.rel1.win32_1.0.0.202411081344/tools/bin/../lib/gcc/arm-none-eabi/13.3.1/../../../../arm-none-eabi/lib/thumb/v8-m.main+fp/hard\libc_nano.a
LOAD D:/stm/STM32CubeIDE_1.18.1/STM32CubeIDE/plugins/com.st.stm32cube.ide.mcu.externaltools.gnu-tools-for-stm32.13.3.rel1.win32_1.0.0.202411081344/tools/bin/../lib/gcc/arm-none-eabi/13.3.1/../../../../arm-none-eabi/lib/thumb/v8-m.main+fp/hard\libnosys.a
END GROUP
LOAD D:/stm/STM32CubeIDE_1.18.1/STM32CubeIDE/plugins/com.st.stm32cube.ide.mcu.externaltools.gnu-tools-for-stm32.13.3.rel1.win32_1.0.0.202411081344/tools/bin/../lib/gcc/arm-none-eabi/13.3.1/thumb/v8-m.main+fp/hard/crtend.o
LOAD D:/stm/STM32CubeIDE_1.18.1/STM32CubeIDE/plugins/com.st.stm32cube.ide.mcu.externaltools.gnu-tools-for-stm32.13.3.rel1.win32_1.0.0.202411081344/tools/bin/../lib/gcc/arm-none-eabi/13.3.1/thumb/v8-m.main+fp/hard/crtn.o
                0x20008000                        _estack = (ORIGIN (RAM) + LENGTH (RAM))
                0x00000400                        _Min_Heap_Size = 0x400
                0x00001000                        _Min_Stack_Size = 0x1000

.isr_vector     0x08000000      0x258
                0x08000000                        . = ALIGN (0x4)
 *(.isr_vector)
 .isr_vector    0x08000000      0x258 ./Core/Startup/startup_stm32h503cbtx.o
                0x08000000                g_pfnVectors
                0x08000258                        . = ALIGN (0x4)

.text           0x08000258     0x76dc
                0x08000258                        . = ALIGN (0x4)
 *(.text)
 .text          0x08000258       0x40 D:/stm/STM32CubeIDE_1.18.1/STM32CubeIDE/plugins/com.st.stm32cube.ide.mcu.externaltools.gnu-tools-for-stm32.13.3.rel1.win32_1.0.0.202411081344/tools/bin/../lib/gcc/arm-none-eabi/13.3.1/thumb/v8-m.main+fp/hard/crtbegin.o
 .text          0x08000298       0x14 D:/stm/STM32CubeIDE_1.18.1/STM32CubeIDE/plugins/com.st.stm32cube.ide.mcu.externaltools.gnu-tools-for-stm32.13.3.rel1.win32_1.0.0.202411081344/tools/bin/../lib/gcc/arm-none-eabi/13.3.1/../../../../arm-none-eabi/lib/thumb/v8-m.main+fp/hard\libc_nano.a(libc_a-strcmp.o)
                0x08000298                strcmp
 .text          0x080002ac       0x10 D:/stm/STM32CubeIDE_1.18.1/STM32CubeIDE/plugins/com.st.stm32cube.ide.mcu.externaltools.gnu-tools-for-stm32.13.3.rel1.win32_1.0.0.202411081344/tools/bin/../lib/gcc/arm-none-eabi/13.3.1/../../../../arm-none-eabi/lib/thumb/v8-m.main+fp/hard\libc_nano.a(libc_a-strlen.o)
                0x080002ac                strlen
 .text          0x080002bc       0x30 D:/stm/STM32CubeIDE_1.18.1/STM32CubeIDE/plugins/com.st.stm32cube.ide.mcu.externaltools.gnu-tools-for-stm32.13.3.rel1.win32_1.0.0.202411081344/tools/bin/../lib/gcc/arm-none-eabi/13.3.1/thumb/v8-m.main+fp/hard\libgcc.a(_aeabi_uldivmod.o)
                0x080002bc                __aeabi_uldivmod
 .text          0x080002ec      0x348 D:/stm/STM32CubeIDE_1.18.1/STM32CubeIDE/plugins/com.st.stm32cube.ide.mcu.externaltools.gnu-tools-for-stm32.13.3.rel1.win32_1.0.0.202411081344/tools/bin/../lib/gcc/arm-none-eabi/13.3.1/thumb/v8-m.main+fp/hard\libgcc.a(_udivmoddi4.o)
                0x080002ec                __udivmoddi4
 .text          0x08000634        0x4 D:/stm/STM32CubeIDE_1.18.1/STM32CubeIDE/plugins/com.st.stm32cube.ide.mcu.externaltools.gnu-tools-for-stm32.13.3.rel1.win32_1.0.0.202411081344/tools/bin/../lib/gcc/arm-none-eabi/13.3.1/thumb/v8-m.main+fp/hard\libgcc.a(_dvmd_tls.o)
                0x08000634                __aeabi_idiv0
                0x08000634                __aeabi_ldiv0
 *(.text*)
 .text.DBG      0x08000638       0x28 ./Core/Src/main.o
 .text.DBG_Hex  0x08000660       0x30 ./Core/Src/main.o
 .text.ReadLine
                0x08000690       0xd0 ./Core/Src/main.o
 .text.ReadHex32
                0x08000760       0x32 ./Core/Src/main.o
 .text.ReadHex16
                0x08000792       0x30 ./Core/Src/main.o
 *fill*         0x080007c2        0x2 
 .text.Cmd_Info
                0x080007c4      0x21c ./Core/Src/main.o
 .text.Cmd_Read
                0x080009e0       0xdc ./Core/Src/main.o
 .text.Cmd_ReadAll
                0x08000abc       0xd8 ./Core/Src/main.o
 .text.Cmd_Erase
                0x08000b94       0x7c ./Core/Src/main.o
 .text.Cmd_Write
                0x08000c10      0x2c8 ./Core/Src/main.o
 .text.Cmd_CalcCRC
                0x08000ed8      0x1c8 ./Core/Src/main.o
 .text.Cmd_CheckCRC
                0x080010a0      0x218 ./Core/Src/main.o
 .text.Cmd_Reset
                0x080012b8       0x2c ./Core/Src/main.o
 .text.Cmd_Help
                0x080012e4       0xbc ./Core/Src/main.o
 .text.main     0x080013a0      0x13c ./Core/Src/main.o
                0x080013a0                main
 .text.SystemClock_Config
                0x080014dc       0xc0 ./Core/Src/main.o
                0x080014dc                SystemClock_Config
 .text.MX_USART1_UART_Init
                0x0800159c       0x64 ./Core/Src/main.o
 .text.MX_USART2_UART_Init
                0x08001600       0x64 ./Core/Src/main.o
 .text.MX_GPIO_Init
                0x08001664       0xd4 ./Core/Src/main.o
 .text.Error_Handler
                0x08001738        0xc ./Core/Src/main.o
                0x08001738                Error_Handler
 .text.BOOT_Start
                0x08001744       0x40 ./Core/Src/modules.o
                0x08001744                BOOT_Start
 .text.BOOT_Stop
                0x08001784       0x38 ./Core/Src/modules.o
                0x08001784                BOOT_Stop
 .text.UART_SetMode_8N1
                0x080017bc       0x60 ./Core/Src/modules.o
 .text.UART_SetMode_9B_Even
                0x0800181c       0x64 ./Core/Src/modules.o
 .text.UART_FlushRX
                0x08001880       0x30 ./Core/Src/modules.o
 .text.WaitACK  0x080018b0       0x3c ./Core/Src/modules.o
 .text.BL_Sync  0x080018ec       0x70 ./Core/Src/modules.o
                0x080018ec                BL_Sync
 .text.BL_GetVersion
                0x0800195c       0x8c ./Core/Src/modules.o
                0x0800195c                BL_GetVersion
 .text.BL_ReadMemory
                0x080019e8      0x110 ./Core/Src/modules.o
                0x080019e8                BL_ReadMemory
 .text.BL_EraseMemory
                0x08001af8       0x80 ./Core/Src/modules.o
                0x08001af8                BL_EraseMemory
 .text.BL_WriteMemory
                0x08001b78      0x148 ./Core/Src/modules.o
                0x08001b78                BL_WriteMemory
 .text.HAL_MspInit
                0x08001cc0        0xe ./Core/Src/stm32h5xx_hal_msp.o
                0x08001cc0                HAL_MspInit
 *fill*         0x08001cce        0x2 
 .text.HAL_UART_MspInit
                0x08001cd0      0x1b4 ./Core/Src/stm32h5xx_hal_msp.o
                0x08001cd0                HAL_UART_MspInit
 .text.HAL_UART_MspDeInit
                0x08001e84       0x74 ./Core/Src/stm32h5xx_hal_msp.o
                0x08001e84                HAL_UART_MspDeInit
 .text.NMI_Handler
                0x08001ef8        0x8 ./Core/Src/stm32h5xx_it.o
                0x08001ef8                NMI_Handler
 .text.HardFault_Handler
                0x08001f00        0x8 ./Core/Src/stm32h5xx_it.o
                0x08001f00                HardFault_Handler
 .text.MemManage_Handler
                0x08001f08        0x8 ./Core/Src/stm32h5xx_it.o
                0x08001f08                MemManage_Handler
 .text.BusFault_Handler
                0x08001f10        0x8 ./Core/Src/stm32h5xx_it.o
                0x08001f10                BusFault_Handler
 .text.UsageFault_Handler
                0x08001f18        0x8 ./Core/Src/stm32h5xx_it.o
                0x08001f18                UsageFault_Handler
 .text.SVC_Handler
                0x08001f20        0xe ./Core/Src/stm32h5xx_it.o
                0x08001f20                SVC_Handler
 .text.DebugMon_Handler
                0x08001f2e        0xe ./Core/Src/stm32h5xx_it.o
                0x08001f2e                DebugMon_Handler
 .text.PendSV_Handler
                0x08001f3c        0xe ./Core/Src/stm32h5xx_it.o
                0x08001f3c                PendSV_Handler
 .text.SysTick_Handler
                0x08001f4a        0xc ./Core/Src/stm32h5xx_it.o
                0x08001f4a                SysTick_Handler
 *fill*         0x08001f56        0x2 
 .text.USART1_IRQHandler
                0x08001f58       0x14 ./Core/Src/stm32h5xx_it.o
                0x08001f58                USART1_IRQHandler
 .text.USART2_IRQHandler
                0x08001f6c       0x14 ./Core/Src/stm32h5xx_it.o
                0x08001f6c                USART2_IRQHandler
 .text._sbrk    0x08001f80       0x6c ./Core/Src/sysmem.o
                0x08001f80                _sbrk
 .text.SystemInit
                0x08001fec       0xe4 ./Core/Src/system_stm32h5xx.o
                0x08001fec                SystemInit
 .text.Reset_Handler
                0x080020d0       0x50 ./Core/Startup/startup_stm32h503cbtx.o
                0x080020d0                Reset_Handler
 .text.Default_Handler
                0x08002120        0x2 ./Core/Startup/startup_stm32h503cbtx.o
                0x08002120                EXTI2_IRQHandler
                0x08002120                EXTI5_IRQHandler
                0x08002120                I3C1_ER_IRQHandler
                0x08002120                GPDMA2_Channel1_IRQHandler
                0x08002120                EXTI13_IRQHandler
                0x08002120                TIM1_CC_IRQHandler
                0x08002120                GPDMA2_Channel3_IRQHandler
                0x08002120                TAMP_IRQHandler
                0x08002120                TIM6_IRQHandler
                0x08002120                EXTI12_IRQHandler
                0x08002120                USB_DRD_FS_IRQHandler
                0x08002120                EXTI3_IRQHandler
                0x08002120                GPDMA1_Channel5_IRQHandler
                0x08002120                EXTI8_IRQHandler
                0x08002120                GPDMA2_Channel5_IRQHandler
                0x08002120                LPTIM2_IRQHandler
                0x08002120                GPDMA2_Channel2_IRQHandler
                0x08002120                EXTI0_IRQHandler
                0x08002120                I2C2_EV_IRQHandler
                0x08002120                FPU_IRQHandler
                0x08002120                GPDMA1_Channel3_IRQHandler
                0x08002120                GPDMA1_Channel7_IRQHandler
                0x08002120                FDCAN1_IT1_IRQHandler
                0x08002120                RAMCFG_IRQHandler
                0x08002120                SPI1_IRQHandler
                0x08002120                GPDMA1_Channel2_IRQHandler
                0x08002120                ADC1_IRQHandler
                0x08002120                I3C2_ER_IRQHandler
                0x08002120                EXTI15_IRQHandler
                0x08002120                USART3_IRQHandler
                0x08002120                RTC_IRQHandler
                0x08002120                EXTI9_IRQHandler
                0x08002120                I3C2_EV_IRQHandler
                0x08002120                I2C1_EV_IRQHandler
                0x08002120                GPDMA1_Channel1_IRQHandler
                0x08002120                TIM3_IRQHandler
                0x08002120                RCC_IRQHandler
                0x08002120                TIM1_TRG_COM_IRQHandler
                0x08002120                Default_Handler
                0x08002120                GPDMA2_Channel4_IRQHandler
                0x08002120                TIM7_IRQHandler
                0x08002120                GPDMA1_Channel0_IRQHandler
                0x08002120                I3C1_EV_IRQHandler
                0x08002120                PVD_AVD_IRQHandler
                0x08002120                SPI2_IRQHandler
                0x08002120                EXTI14_IRQHandler
                0x08002120                EXTI11_IRQHandler
                0x08002120                CRS_IRQHandler
                0x08002120                EXTI4_IRQHandler
                0x08002120                GPDMA2_Channel0_IRQHandler
                0x08002120                RNG_IRQHandler
                0x08002120                GPDMA2_Channel6_IRQHandler
                0x08002120                TIM1_UP_IRQHandler
                0x08002120                WWDG_IRQHandler
                0x08002120                IWDG_IRQHandler
                0x08002120                LPUART1_IRQHandler
                0x08002120                FDCAN1_IT0_IRQHandler
                0x08002120                TIM2_IRQHandler
                0x08002120                GPDMA1_Channel4_IRQHandler
                0x08002120                EXTI7_IRQHandler
                0x08002120                TIM1_BRK_IRQHandler
                0x08002120                EXTI1_IRQHandler
                0x08002120                DAC1_IRQHandler
                0x08002120                DTS_IRQHandler
                0x08002120                GTZC_IRQHandler
                0x08002120                GPDMA1_Channel6_IRQHandler
                0x08002120                GPDMA2_Channel7_IRQHandler
                0x08002120                I2C2_ER_IRQHandler
                0x08002120                FLASH_IRQHandler
                0x08002120                EXTI10_IRQHandler
                0x08002120                SPI3_IRQHandler
                0x08002120                I2C1_ER_IRQHandler
                0x08002120                EXTI6_IRQHandler
                0x08002120                COMP1_IRQHandler
                0x08002120                LPTIM1_IRQHandler
                0x08002120                ICACHE_IRQHandler
                0x08002120                HASH_IRQHandler
 *fill*         0x08002122        0x2 
 .text.HAL_Init
                0x08002124       0x50 ./Drivers/STM32H5xx_HAL_Driver/Src/stm32h5xx_hal.o
                0x08002124                HAL_Init
 .text.HAL_InitTick
                0x08002174       0xec ./Drivers/STM32H5xx_HAL_Driver/Src/stm32h5xx_hal.o
                0x08002174                HAL_InitTick
 .text.HAL_IncTick
                0x08002260       0x28 ./Drivers/STM32H5xx_HAL_Driver/Src/stm32h5xx_hal.o
                0x08002260                HAL_IncTick
 .text.HAL_GetTick
                0x08002288       0x18 ./Drivers/STM32H5xx_HAL_Driver/Src/stm32h5xx_hal.o
                0x08002288                HAL_GetTick
 .text.HAL_Delay
                0x080022a0       0x48 ./Drivers/STM32H5xx_HAL_Driver/Src/stm32h5xx_hal.o
                0x080022a0                HAL_Delay
 .text.__NVIC_SetPriorityGrouping
                0x080022e8       0x48 ./Drivers/STM32H5xx_HAL_Driver/Src/stm32h5xx_hal_cortex.o
 .text.__NVIC_GetPriorityGrouping
                0x08002330       0x1c ./Drivers/STM32H5xx_HAL_Driver/Src/stm32h5xx_hal_cortex.o
 .text.__NVIC_EnableIRQ
                0x0800234c       0x3c ./Drivers/STM32H5xx_HAL_Driver/Src/stm32h5xx_hal_cortex.o
 .text.__NVIC_DisableIRQ
                0x08002388       0x48 ./Drivers/STM32H5xx_HAL_Driver/Src/stm32h5xx_hal_cortex.o
 .text.__NVIC_SetPriority
                0x080023d0       0x54 ./Drivers/STM32H5xx_HAL_Driver/Src/stm32h5xx_hal_cortex.o
 .text.NVIC_EncodePriority
                0x08002424       0x66 ./Drivers/STM32H5xx_HAL_Driver/Src/stm32h5xx_hal_cortex.o
 .text.HAL_NVIC_SetPriorityGrouping
                0x0800248a       0x16 ./Drivers/STM32H5xx_HAL_Driver/Src/stm32h5xx_hal_cortex.o
                0x0800248a                HAL_NVIC_SetPriorityGrouping
 .text.HAL_NVIC_SetPriority
                0x080024a0       0x34 ./Drivers/STM32H5xx_HAL_Driver/Src/stm32h5xx_hal_cortex.o
                0x080024a0                HAL_NVIC_SetPriority
 .text.HAL_NVIC_EnableIRQ
                0x080024d4       0x1c ./Drivers/STM32H5xx_HAL_Driver/Src/stm32h5xx_hal_cortex.o
                0x080024d4                HAL_NVIC_EnableIRQ
 .text.HAL_NVIC_DisableIRQ
                0x080024f0       0x1c ./Drivers/STM32H5xx_HAL_Driver/Src/stm32h5xx_hal_cortex.o
                0x080024f0                HAL_NVIC_DisableIRQ
 .text.HAL_SYSTICK_Config
                0x0800250c       0x44 ./Drivers/STM32H5xx_HAL_Driver/Src/stm32h5xx_hal_cortex.o
                0x0800250c                HAL_SYSTICK_Config
 .text.HAL_SYSTICK_CLKSourceConfig
                0x08002550       0xb0 ./Drivers/STM32H5xx_HAL_Driver/Src/stm32h5xx_hal_cortex.o
                0x08002550                HAL_SYSTICK_CLKSourceConfig
 .text.HAL_SYSTICK_GetCLKSourceConfig
                0x08002600       0x6c ./Drivers/STM32H5xx_HAL_Driver/Src/stm32h5xx_hal_cortex.o
                0x08002600                HAL_SYSTICK_GetCLKSourceConfig
 .text.HAL_DMA_Abort
                0x0800266c       0xf8 ./Drivers/STM32H5xx_HAL_Driver/Src/stm32h5xx_hal_dma.o
                0x0800266c                HAL_DMA_Abort
 .text.HAL_DMA_Abort_IT
                0x08002764       0x52 ./Drivers/STM32H5xx_HAL_Driver/Src/stm32h5xx_hal_dma.o
                0x08002764                HAL_DMA_Abort_IT
 *fill*         0x080027b6        0x2 
 .text.HAL_GPIO_Init
                0x080027b8      0x2bc ./Drivers/STM32H5xx_HAL_Driver/Src/stm32h5xx_hal_gpio.o
                0x080027b8                HAL_GPIO_Init
 .text.HAL_GPIO_DeInit
                0x08002a74      0x178 ./Drivers/STM32H5xx_HAL_Driver/Src/stm32h5xx_hal_gpio.o
                0x08002a74                HAL_GPIO_DeInit
 .text.HAL_GPIO_WritePin
                0x08002bec       0x30 ./Drivers/STM32H5xx_HAL_Driver/Src/stm32h5xx_hal_gpio.o
                0x08002bec                HAL_GPIO_WritePin
 .text.HAL_RCC_OscConfig
                0x08002c1c      0x870 ./Drivers/STM32H5xx_HAL_Driver/Src/stm32h5xx_hal_rcc.o
                0x08002c1c                HAL_RCC_OscConfig
 .text.HAL_RCC_ClockConfig
                0x0800348c      0x370 ./Drivers/STM32H5xx_HAL_Driver/Src/stm32h5xx_hal_rcc.o
                0x0800348c                HAL_RCC_ClockConfig
 .text.HAL_RCC_GetSysClockFreq
                0x080037fc      0x258 ./Drivers/STM32H5xx_HAL_Driver/Src/stm32h5xx_hal_rcc.o
                0x080037fc                HAL_RCC_GetSysClockFreq
 .text.HAL_RCC_GetHCLKFreq
                0x08003a54       0x38 ./Drivers/STM32H5xx_HAL_Driver/Src/stm32h5xx_hal_rcc.o
                0x08003a54                HAL_RCC_GetHCLKFreq
 .text.HAL_RCC_GetPCLK1Freq
                0x08003a8c       0x2c ./Drivers/STM32H5xx_HAL_Driver/Src/stm32h5xx_hal_rcc.o
                0x08003a8c                HAL_RCC_GetPCLK1Freq
 .text.HAL_RCC_GetPCLK2Freq
                0x08003ab8       0x2c ./Drivers/STM32H5xx_HAL_Driver/Src/stm32h5xx_hal_rcc.o
                0x08003ab8                HAL_RCC_GetPCLK2Freq
 .text.HAL_RCC_GetPCLK3Freq
                0x08003ae4       0x2c ./Drivers/STM32H5xx_HAL_Driver/Src/stm32h5xx_hal_rcc.o
                0x08003ae4                HAL_RCC_GetPCLK3Freq
 .text.HAL_RCCEx_PeriphCLKConfig
                0x08003b10      0xc48 ./Drivers/STM32H5xx_HAL_Driver/Src/stm32h5xx_hal_rcc_ex.o
                0x08003b10                HAL_RCCEx_PeriphCLKConfig
 .text.HAL_RCCEx_GetPLL1ClockFreq
                0x08004758      0x2d8 ./Drivers/STM32H5xx_HAL_Driver/Src/stm32h5xx_hal_rcc_ex.o
                0x08004758                HAL_RCCEx_GetPLL1ClockFreq
 .text.HAL_RCCEx_GetPLL2ClockFreq
                0x08004a30      0x2d8 ./Drivers/STM32H5xx_HAL_Driver/Src/stm32h5xx_hal_rcc_ex.o
                0x08004a30                HAL_RCCEx_GetPLL2ClockFreq
 .text.HAL_RCCEx_GetPeriphCLKFreq
                0x08004d08      0xe7c ./Drivers/STM32H5xx_HAL_Driver/Src/stm32h5xx_hal_rcc_ex.o
                0x08004d08                HAL_RCCEx_GetPeriphCLKFreq
 .text.RCCEx_PLL2_Config
                0x08005b84      0x130 ./Drivers/STM32H5xx_HAL_Driver/Src/stm32h5xx_hal_rcc_ex.o
 .text.HAL_UART_Init
                0x08005cb4       0xa0 ./Drivers/STM32H5xx_HAL_Driver/Src/stm32h5xx_hal_uart.o
                0x08005cb4                HAL_UART_Init
 .text.HAL_UART_DeInit
                0x08005d54       0x7e ./Drivers/STM32H5xx_HAL_Driver/Src/stm32h5xx_hal_uart.o
                0x08005d54                HAL_UART_DeInit
 .text.HAL_UART_Transmit
                0x08005dd2      0x13c ./Drivers/STM32H5xx_HAL_Driver/Src/stm32h5xx_hal_uart.o
                0x08005dd2                HAL_UART_Transmit
 .text.HAL_UART_Receive
                0x08005f0e      0x1ae ./Drivers/STM32H5xx_HAL_Driver/Src/stm32h5xx_hal_uart.o
                0x08005f0e                HAL_UART_Receive
 .text.HAL_UART_IRQHandler
                0x080060bc      0x5dc ./Drivers/STM32H5xx_HAL_Driver/Src/stm32h5xx_hal_uart.o
                0x080060bc                HAL_UART_IRQHandler
 .text.HAL_UART_TxCpltCallback
                0x08006698       0x14 ./Drivers/STM32H5xx_HAL_Driver/Src/stm32h5xx_hal_uart.o
                0x08006698                HAL_UART_TxCpltCallback
 .text.HAL_UART_ErrorCallback
                0x080066ac       0x14 ./Drivers/STM32H5xx_HAL_Driver/Src/stm32h5xx_hal_uart.o
                0x080066ac                HAL_UART_ErrorCallback
 .text.HAL_UARTEx_RxEventCallback
                0x080066c0       0x18 ./Drivers/STM32H5xx_HAL_Driver/Src/stm32h5xx_hal_uart.o
                0x080066c0                HAL_UARTEx_RxEventCallback
 .text.UART_SetConfig
                0x080066d8      0x2fc ./Drivers/STM32H5xx_HAL_Driver/Src/stm32h5xx_hal_uart.o
                0x080066d8                UART_SetConfig
 .text.UART_AdvFeatureConfig
                0x080069d4      0x144 ./Drivers/STM32H5xx_HAL_Driver/Src/stm32h5xx_hal_uart.o
                0x080069d4                UART_AdvFeatureConfig
 .text.UART_CheckIdleState
                0x08006b18      0x154 ./Drivers/STM32H5xx_HAL_Driver/Src/stm32h5xx_hal_uart.o
                0x08006b18                UART_CheckIdleState
 .text.UART_WaitOnFlagUntilTimeout
                0x08006c6c       0xda ./Drivers/STM32H5xx_HAL_Driver/Src/stm32h5xx_hal_uart.o
                0x08006c6c                UART_WaitOnFlagUntilTimeout
 .text.UART_EndRxTransfer
                0x08006d46       0xcc ./Drivers/STM32H5xx_HAL_Driver/Src/stm32h5xx_hal_uart.o
 .text.UART_DMAAbortOnError
                0x08006e12       0x24 ./Drivers/STM32H5xx_HAL_Driver/Src/stm32h5xx_hal_uart.o
 .text.UART_EndTransmit_IT
                0x08006e36       0x56 ./Drivers/STM32H5xx_HAL_Driver/Src/stm32h5xx_hal_uart.o
 .text.HAL_UARTEx_WakeupCallback
                0x08006e8c       0x14 ./Drivers/STM32H5xx_HAL_Driver/Src/stm32h5xx_hal_uart_ex.o
                0x08006e8c                HAL_UARTEx_WakeupCallback
 .text.HAL_UARTEx_RxFifoFullCallback
                0x08006ea0       0x14 ./Drivers/STM32H5xx_HAL_Driver/Src/stm32h5xx_hal_uart_ex.o
                0x08006ea0                HAL_UARTEx_RxFifoFullCallback
 .text.HAL_UARTEx_TxFifoEmptyCallback
                0x08006eb4       0x14 ./Drivers/STM32H5xx_HAL_Driver/Src/stm32h5xx_hal_uart_ex.o
                0x08006eb4                HAL_UARTEx_TxFifoEmptyCallback
 .text._strtoul_l.isra.0
                0x08006ec8       0xdc D:/stm/STM32CubeIDE_1.18.1/STM32CubeIDE/plugins/com.st.stm32cube.ide.mcu.externaltools.gnu-tools-for-stm32.13.3.rel1.win32_1.0.0.202411081344/tools/bin/../lib/gcc/arm-none-eabi/13.3.1/../../../../arm-none-eabi/lib/thumb/v8-m.main+fp/hard\libc_nano.a(libc_a-strtoul.o)
 .text.strtoul  0x08006fa4       0x14 D:/stm/STM32CubeIDE_1.18.1/STM32CubeIDE/plugins/com.st.stm32cube.ide.mcu.externaltools.gnu-tools-for-stm32.13.3.rel1.win32_1.0.0.202411081344/tools/bin/../lib/gcc/arm-none-eabi/13.3.1/../../../../arm-none-eabi/lib/thumb/v8-m.main+fp/hard\libc_nano.a(libc_a-strtoul.o)
                0x08006fa4                strtoul
 .text.sprintf  0x08006fb8       0x44 D:/stm/STM32CubeIDE_1.18.1/STM32CubeIDE/plugins/com.st.stm32cube.ide.mcu.externaltools.gnu-tools-for-stm32.13.3.rel1.win32_1.0.0.202411081344/tools/bin/../lib/gcc/arm-none-eabi/13.3.1/../../../../arm-none-eabi/lib/thumb/v8-m.main+fp/hard\libc_nano.a(libc_a-sprintf.o)
                0x08006fb8                siprintf
                0x08006fb8                sprintf
 .text.memset   0x08006ffc       0x10 D:/stm/STM32CubeIDE_1.18.1/STM32CubeIDE/plugins/com.st.stm32cube.ide.mcu.externaltools.gnu-tools-for-stm32.13.3.rel1.win32_1.0.0.202411081344/tools/bin/../lib/gcc/arm-none-eabi/13.3.1/../../../../arm-none-eabi/lib/thumb/v8-m.main+fp/hard\libc_nano.a(libc_a-memset.o)
                0x08006ffc                memset
 .text.__errno  0x0800700c        0xc D:/stm/STM32CubeIDE_1.18.1/STM32CubeIDE/plugins/com.st.stm32cube.ide.mcu.externaltools.gnu-tools-for-stm32.13.3.rel1.win32_1.0.0.202411081344/tools/bin/../lib/gcc/arm-none-eabi/13.3.1/../../../../arm-none-eabi/lib/thumb/v8-m.main+fp/hard\libc_nano.a(libc_a-errno.o)
                0x0800700c                __errno
 .text.__libc_init_array
                0x08007018       0x48 D:/stm/STM32CubeIDE_1.18.1/STM32CubeIDE/plugins/com.st.stm32cube.ide.mcu.externaltools.gnu-tools-for-stm32.13.3.rel1.win32_1.0.0.202411081344/tools/bin/../lib/gcc/arm-none-eabi/13.3.1/../../../../arm-none-eabi/lib/thumb/v8-m.main+fp/hard\libc_nano.a(libc_a-init.o)
                0x08007018                __libc_init_array
 .text.__retarget_lock_acquire_recursive
                0x08007060        0x2 D:/stm/STM32CubeIDE_1.18.1/STM32CubeIDE/plugins/com.st.stm32cube.ide.mcu.externaltools.gnu-tools-for-stm32.13.3.rel1.win32_1.0.0.202411081344/tools/bin/../lib/gcc/arm-none-eabi/13.3.1/../../../../arm-none-eabi/lib/thumb/v8-m.main+fp/hard\libc_nano.a(libc_a-lock.o)
                0x08007060                __retarget_lock_acquire_recursive
 .text.__retarget_lock_release_recursive
                0x08007062        0x2 D:/stm/STM32CubeIDE_1.18.1/STM32CubeIDE/plugins/com.st.stm32cube.ide.mcu.externaltools.gnu-tools-for-stm32.13.3.rel1.win32_1.0.0.202411081344/tools/bin/../lib/gcc/arm-none-eabi/13.3.1/../../../../arm-none-eabi/lib/thumb/v8-m.main+fp/hard\libc_nano.a(libc_a-lock.o)
                0x08007062                __retarget_lock_release_recursive
 .text._free_r  0x08007064       0x94 D:/stm/STM32CubeIDE_1.18.1/STM32CubeIDE/plugins/com.st.stm32cube.ide.mcu.externaltools.gnu-tools-for-stm32.13.3.rel1.win32_1.0.0.202411081344/tools/bin/../lib/gcc/arm-none-eabi/13.3.1/../../../../arm-none-eabi/lib/thumb/v8-m.main+fp/hard\libc_nano.a(libc_a-freer.o)
                0x08007064                _free_r
 .text.sbrk_aligned
                0x080070f8       0x44 D:/stm/STM32CubeIDE_1.18.1/STM32CubeIDE/plugins/com.st.stm32cube.ide.mcu.externaltools.gnu-tools-for-stm32.13.3.rel1.win32_1.0.0.202411081344/tools/bin/../lib/gcc/arm-none-eabi/13.3.1/../../../../arm-none-eabi/lib/thumb/v8-m.main+fp/hard\libc_nano.a(libc_a-mallocr.o)
 .text._malloc_r
                0x0800713c      0x100 D:/stm/STM32CubeIDE_1.18.1/STM32CubeIDE/plugins/com.st.stm32cube.ide.mcu.externaltools.gnu-tools-for-stm32.13.3.rel1.win32_1.0.0.202411081344/tools/bin/../lib/gcc/arm-none-eabi/13.3.1/../../../../arm-none-eabi/lib/thumb/v8-m.main+fp/hard\libc_nano.a(libc_a-mallocr.o)
                0x0800713c                _malloc_r
 .text.__malloc_lock
                0x0800723c        0xc D:/stm/STM32CubeIDE_1.18.1/STM32CubeIDE/plugins/com.st.stm32cube.ide.mcu.externaltools.gnu-tools-for-stm32.13.3.rel1.win32_1.0.0.202411081344/tools/bin/../lib/gcc/arm-none-eabi/13.3.1/../../../../arm-none-eabi/lib/thumb/v8-m.main+fp/hard\libc_nano.a(libc_a-mlock.o)
                0x0800723c                __malloc_lock
 .text.__malloc_unlock
                0x08007248        0xc D:/stm/STM32CubeIDE_1.18.1/STM32CubeIDE/plugins/com.st.stm32cube.ide.mcu.externaltools.gnu-tools-for-stm32.13.3.rel1.win32_1.0.0.202411081344/tools/bin/../lib/gcc/arm-none-eabi/13.3.1/../../../../arm-none-eabi/lib/thumb/v8-m.main+fp/hard\libc_nano.a(libc_a-mlock.o)
                0x08007248                __malloc_unlock
 .text.__ssputs_r
                0x08007254       0xb6 D:/stm/STM32CubeIDE_1.18.1/STM32CubeIDE/plugins/com.st.stm32cube.ide.mcu.externaltools.gnu-tools-for-stm32.13.3.rel1.win32_1.0.0.202411081344/tools/bin/../lib/gcc/arm-none-eabi/13.3.1/../../../../arm-none-eabi/lib/thumb/v8-m.main+fp/hard\libc_nano.a(libc_a-nano-svfprintf.o)
                0x08007254                __ssputs_r
 *fill*         0x0800730a        0x2 
 .text._svfprintf_r
                0x0800730c      0x1f8 D:/stm/STM32CubeIDE_1.18.1/STM32CubeIDE/plugins/com.st.stm32cube.ide.mcu.externaltools.gnu-tools-for-stm32.13.3.rel1.win32_1.0.0.202411081344/tools/bin/../lib/gcc/arm-none-eabi/13.3.1/../../../../arm-none-eabi/lib/thumb/v8-m.main+fp/hard\libc_nano.a(libc_a-nano-svfprintf.o)
                0x0800730c                _svfiprintf_r
                0x0800730c                _svfprintf_r
 .text._printf_common
                0x08007504       0xe4 D:/stm/STM32CubeIDE_1.18.1/STM32CubeIDE/plugins/com.st.stm32cube.ide.mcu.externaltools.gnu-tools-for-stm32.13.3.rel1.win32_1.0.0.202411081344/tools/bin/../lib/gcc/arm-none-eabi/13.3.1/../../../../arm-none-eabi/lib/thumb/v8-m.main+fp/hard\libc_nano.a(libc_a-nano-vfprintf_i.o)
                0x08007504                _printf_common
 .text._printf_i
                0x080075e8      0x23c D:/stm/STM32CubeIDE_1.18.1/STM32CubeIDE/plugins/com.st.stm32cube.ide.mcu.externaltools.gnu-tools-for-stm32.13.3.rel1.win32_1.0.0.202411081344/tools/bin/../lib/gcc/arm-none-eabi/13.3.1/../../../../arm-none-eabi/lib/thumb/v8-m.main+fp/hard\libc_nano.a(libc_a-nano-vfprintf_i.o)
                0x080075e8                _printf_i
 .text.memmove  0x08007824       0x34 D:/stm/STM32CubeIDE_1.18.1/STM32CubeIDE/plugins/com.st.stm32cube.ide.mcu.externaltools.gnu-tools-for-stm32.13.3.rel1.win32_1.0.0.202411081344/tools/bin/../lib/gcc/arm-none-eabi/13.3.1/../../../../arm-none-eabi/lib/thumb/v8-m.main+fp/hard\libc_nano.a(libc_a-memmove.o)
                0x08007824                memmove
 .text._sbrk_r  0x08007858       0x20 D:/stm/STM32CubeIDE_1.18.1/STM32CubeIDE/plugins/com.st.stm32cube.ide.mcu.externaltools.gnu-tools-for-stm32.13.3.rel1.win32_1.0.0.202411081344/tools/bin/../lib/gcc/arm-none-eabi/13.3.1/../../../../arm-none-eabi/lib/thumb/v8-m.main+fp/hard\libc_nano.a(libc_a-sbrkr.o)
                0x08007858                _sbrk_r
 .text.memchr   0x08007878       0x1c D:/stm/STM32CubeIDE_1.18.1/STM32CubeIDE/plugins/com.st.stm32cube.ide.mcu.externaltools.gnu-tools-for-stm32.13.3.rel1.win32_1.0.0.202411081344/tools/bin/../lib/gcc/arm-none-eabi/13.3.1/../../../../arm-none-eabi/lib/thumb/v8-m.main+fp/hard\libc_nano.a(libc_a-memchr-stub.o)
                0x08007878                memchr
 .text.memcpy   0x08007894       0x1a D:/stm/STM32CubeIDE_1.18.1/STM32CubeIDE/plugins/com.st.stm32cube.ide.mcu.externaltools.gnu-tools-for-stm32.13.3.rel1.win32_1.0.0.202411081344/tools/bin/../lib/gcc/arm-none-eabi/13.3.1/../../../../arm-none-eabi/lib/thumb/v8-m.main+fp/hard\libc_nano.a(libc_a-memcpy-stub.o)
                0x08007894                memcpy
 .text._realloc_r
                0x080078ae       0x5c D:/stm/STM32CubeIDE_1.18.1/STM32CubeIDE/plugins/com.st.stm32cube.ide.mcu.externaltools.gnu-tools-for-stm32.13.3.rel1.win32_1.0.0.202411081344/tools/bin/../lib/gcc/arm-none-eabi/13.3.1/../../../../arm-none-eabi/lib/thumb/v8-m.main+fp/hard\libc_nano.a(libc_a-reallocr.o)
                0x080078ae                _realloc_r
 .text._malloc_usable_size_r
                0x0800790a       0x10 D:/stm/STM32CubeIDE_1.18.1/STM32CubeIDE/plugins/com.st.stm32cube.ide.mcu.externaltools.gnu-tools-for-stm32.13.3.rel1.win32_1.0.0.202411081344/tools/bin/../lib/gcc/arm-none-eabi/13.3.1/../../../../arm-none-eabi/lib/thumb/v8-m.main+fp/hard\libc_nano.a(libc_a-msizer.o)
                0x0800790a                _malloc_usable_size_r
 *(.glue_7)
 .glue_7        0x0800791a        0x0 linker stubs
 *(.glue_7t)
 .glue_7t       0x0800791a        0x0 linker stubs
 *(.eh_frame)
 *fill*         0x0800791a        0x2 
 .eh_frame      0x0800791c        0x0 D:/stm/STM32CubeIDE_1.18.1/STM32CubeIDE/plugins/com.st.stm32cube.ide.mcu.externaltools.gnu-tools-for-stm32.13.3.rel1.win32_1.0.0.202411081344/tools/bin/../lib/gcc/arm-none-eabi/13.3.1/thumb/v8-m.main+fp/hard/crtbegin.o
 *(.init)
 .init          0x0800791c        0x4 D:/stm/STM32CubeIDE_1.18.1/STM32CubeIDE/plugins/com.st.stm32cube.ide.mcu.externaltools.gnu-tools-for-stm32.13.3.rel1.win32_1.0.0.202411081344/tools/bin/../lib/gcc/arm-none-eabi/13.3.1/thumb/v8-m.main+fp/hard/crti.o
                0x0800791c                _init
 .init          0x08007920        0x8 D:/stm/STM32CubeIDE_1.18.1/STM32CubeIDE/plugins/com.st.stm32cube.ide.mcu.externaltools.gnu-tools-for-stm32.13.3.rel1.win32_1.0.0.202411081344/tools/bin/../lib/gcc/arm-none-eabi/13.3.1/thumb/v8-m.main+fp/hard/crtn.o
 *(.fini)
 .fini          0x08007928        0x4 D:/stm/STM32CubeIDE_1.18.1/STM32CubeIDE/plugins/com.st.stm32cube.ide.mcu.externaltools.gnu-tools-for-stm32.13.3.rel1.win32_1.0.0.202411081344/tools/bin/../lib/gcc/arm-none-eabi/13.3.1/thumb/v8-m.main+fp/hard/crti.o
                0x08007928                _fini
 .fini          0x0800792c        0x8 D:/stm/STM32CubeIDE_1.18.1/STM32CubeIDE/plugins/com.st.stm32cube.ide.mcu.externaltools.gnu-tools-for-stm32.13.3.rel1.win32_1.0.0.202411081344/tools/bin/../lib/gcc/arm-none-eabi/13.3.1/thumb/v8-m.main+fp/hard/crtn.o
                0x08007934                        . = ALIGN (0x4)
                0x08007934                        _etext = .

.vfp11_veneer   0x08007934        0x0
 .vfp11_veneer  0x08007934        0x0 linker stubs

.v4_bx          0x08007934        0x0
 .v4_bx         0x08007934        0x0 linker stubs

.iplt           0x08007934        0x0
 .iplt          0x08007934        0x0 D:/stm/STM32CubeIDE_1.18.1/STM32CubeIDE/plugins/com.st.stm32cube.ide.mcu.externaltools.gnu-tools-for-stm32.13.3.rel1.win32_1.0.0.202411081344/tools/bin/../lib/gcc/arm-none-eabi/13.3.1/thumb/v8-m.main+fp/hard/crtbegin.o

.rodata         0x08007934      0xd94
                0x08007934                        . = ALIGN (0x4)
 *(.rodata)
 .rodata        0x08007934      0xc29 ./Core/Src/main.o
 *fill*         0x0800855d        0x3 
 .rodata        0x08008560        0x3 ./Core/Src/modules.o
 *(.rodata*)
 *fill*         0x08008563        0x1 
 .rodata.AHBPrescTable
                0x08008564       0x10 ./Core/Src/system_stm32h5xx.o
                0x08008564                AHBPrescTable
 .rodata.APBPrescTable
                0x08008574        0x8 ./Core/Src/system_stm32h5xx.o
                0x08008574                APBPrescTable
 .rodata.UARTPrescTable
                0x0800857c       0x18 ./Drivers/STM32H5xx_HAL_Driver/Src/stm32h5xx_hal_uart.o
                0x0800857c                UARTPrescTable
 .rodata._ctype_
                0x08008594      0x101 D:/stm/STM32CubeIDE_1.18.1/STM32CubeIDE/plugins/com.st.stm32cube.ide.mcu.externaltools.gnu-tools-for-stm32.13.3.rel1.win32_1.0.0.202411081344/tools/bin/../lib/gcc/arm-none-eabi/13.3.1/../../../../arm-none-eabi/lib/thumb/v8-m.main+fp/hard\libc_nano.a(libc_a-ctype_.o)
                0x08008594                _ctype_
 .rodata._svfprintf_r.str1.1
                0x08008695       0x33 D:/stm/STM32CubeIDE_1.18.1/STM32CubeIDE/plugins/com.st.stm32cube.ide.mcu.externaltools.gnu-tools-for-stm32.13.3.rel1.win32_1.0.0.202411081344/tools/bin/../lib/gcc/arm-none-eabi/13.3.1/../../../../arm-none-eabi/lib/thumb/v8-m.main+fp/hard\libc_nano.a(libc_a-nano-svfprintf.o)
                                 0x11 (size before relaxing)
 .rodata._printf_i.str1.1
                0x080086c8       0x22 D:/stm/STM32CubeIDE_1.18.1/STM32CubeIDE/plugins/com.st.stm32cube.ide.mcu.externaltools.gnu-tools-for-stm32.13.3.rel1.win32_1.0.0.202411081344/tools/bin/../lib/gcc/arm-none-eabi/13.3.1/../../../../arm-none-eabi/lib/thumb/v8-m.main+fp/hard\libc_nano.a(libc_a-nano-vfprintf_i.o)
                0x080086ec                        . = ALIGN (0x4)

.ARM.extab      0x080086c8        0x0
                0x080086c8                        . = ALIGN (0x4)
 *(.ARM.extab* .gnu.linkonce.armextab.*)
                0x080086c8                        . = ALIGN (0x4)

.ARM            0x080086c8        0x8
                0x080086c8                        . = ALIGN (0x4)
                0x080086c8                        __exidx_start = .
 *(.ARM.exidx*)
 .ARM.exidx     0x080086c8        0x8 D:/stm/STM32CubeIDE_1.18.1/STM32CubeIDE/plugins/com.st.stm32cube.ide.mcu.externaltools.gnu-tools-for-stm32.13.3.rel1.win32_1.0.0.202411081344/tools/bin/../lib/gcc/arm-none-eabi/13.3.1/../../../../arm-none-eabi/lib/thumb/v8-m.main+fp/hard\libc_nano.a(libc_a-strcmp.o)
 .ARM.exidx     0x080086d0        0x0 D:/stm/STM32CubeIDE_1.18.1/STM32CubeIDE/plugins/com.st.stm32cube.ide.mcu.externaltools.gnu-tools-for-stm32.13.3.rel1.win32_1.0.0.202411081344/tools/bin/../lib/gcc/arm-none-eabi/13.3.1/../../../../arm-none-eabi/lib/thumb/v8-m.main+fp/hard\libc_nano.a(libc_a-strlen.o)
                                  0x8 (size before relaxing)
 .ARM.exidx     0x080086d0        0x0 D:/stm/STM32CubeIDE_1.18.1/STM32CubeIDE/plugins/com.st.stm32cube.ide.mcu.externaltools.gnu-tools-for-stm32.13.3.rel1.win32_1.0.0.202411081344/tools/bin/../lib/gcc/arm-none-eabi/13.3.1/thumb/v8-m.main+fp/hard\libgcc.a(_udivmoddi4.o)
                                  0x8 (size before relaxing)
                0x080086d0                        __exidx_end = .
                0x080086d0                        . = ALIGN (0x4)

.preinit_array  0x080086d0        0x0
                0x080086d0                        . = ALIGN (0x4)
                0x080086d0                        PROVIDE (__preinit_array_start = .)
 *(.preinit_array*)
                0x080086d0                        PROVIDE (__preinit_array_end = .)
                0x080086d0                        . = ALIGN (0x4)

.init_array     0x080086d0        0x4
                0x080086d0                        . = ALIGN (0x4)
                0x080086d0                        PROVIDE (__init_array_start = .)
 *(SORT_BY_NAME(.init_array.*))
 *(.init_array*)
 .init_array    0x080086d0        0x4 D:/stm/STM32CubeIDE_1.18.1/STM32CubeIDE/plugins/com.st.stm32cube.ide.mcu.externaltools.gnu-tools-for-stm32.13.3.rel1.win32_1.0.0.202411081344/tools/bin/../lib/gcc/arm-none-eabi/13.3.1/thumb/v8-m.main+fp/hard/crtbegin.o
                0x080086d4                        PROVIDE (__init_array_end = .)
                0x080086d4                        . = ALIGN (0x4)

.fini_array     0x080086d4        0x4
                0x080086d4                        . = ALIGN (0x4)
                [!provide]                        PROVIDE (__fini_array_start = .)
 *(SORT_BY_NAME(.fini_array.*))
 *(.fini_array*)
 .fini_array    0x080086d4        0x4 D:/stm/STM32CubeIDE_1.18.1/STM32CubeIDE/plugins/com.st.stm32cube.ide.mcu.externaltools.gnu-tools-for-stm32.13.3.rel1.win32_1.0.0.202411081344/tools/bin/../lib/gcc/arm-none-eabi/13.3.1/thumb/v8-m.main+fp/hard/crtbegin.o
                [!provide]                        PROVIDE (__fini_array_end = .)
                0x080086d8                        . = ALIGN (0x4)
                0x080086d8                        _sidata = LOADADDR (.data)

.rel.dyn        0x080086d8        0x0
 .rel.iplt      0x080086d8        0x0 D:/stm/STM32CubeIDE_1.18.1/STM32CubeIDE/plugins/com.st.stm32cube.ide.mcu.externaltools.gnu-tools-for-stm32.13.3.rel1.win32_1.0.0.202411081344/tools/bin/../lib/gcc/arm-none-eabi/13.3.1/thumb/v8-m.main+fp/hard/crtbegin.o

.data           0x20000000       0x5c load address 0x080086d8
                0x20000000                        . = ALIGN (0x4)
                0x20000000                        _sdata = .
 *(.data)
 *(.data*)
 .data.SystemCoreClock
                0x20000000        0x4 ./Core/Src/system_stm32h5xx.o
                0x20000000                SystemCoreClock
 .data.uwTickPrio
                0x20000004        0x4 ./Drivers/STM32H5xx_HAL_Driver/Src/stm32h5xx_hal.o
                0x20000004                uwTickPrio
 .data.uwTickFreq
                0x20000008        0x1 ./Drivers/STM32H5xx_HAL_Driver/Src/stm32h5xx_hal.o
                0x20000008                uwTickFreq
 *fill*         0x20000009        0x3 
 .data._impure_ptr
                0x2000000c        0x4 D:/stm/STM32CubeIDE_1.18.1/STM32CubeIDE/plugins/com.st.stm32cube.ide.mcu.externaltools.gnu-tools-for-stm32.13.3.rel1.win32_1.0.0.202411081344/tools/bin/../lib/gcc/arm-none-eabi/13.3.1/../../../../arm-none-eabi/lib/thumb/v8-m.main+fp/hard\libc_nano.a(libc_a-impure.o)
                0x2000000c                _impure_ptr
 .data._impure_data
                0x20000010       0x4c D:/stm/STM32CubeIDE_1.18.1/STM32CubeIDE/plugins/com.st.stm32cube.ide.mcu.externaltools.gnu-tools-for-stm32.13.3.rel1.win32_1.0.0.202411081344/tools/bin/../lib/gcc/arm-none-eabi/13.3.1/../../../../arm-none-eabi/lib/thumb/v8-m.main+fp/hard\libc_nano.a(libc_a-impure.o)
                0x20000010                _impure_data
 *(.RamFunc)
 *(.RamFunc*)
                0x2000005c                        . = ALIGN (0x4)
                0x2000005c                        _edata = .

.igot.plt       0x2000005c        0x0 load address 0x08008734
 .igot.plt      0x2000005c        0x0 D:/stm/STM32CubeIDE_1.18.1/STM32CubeIDE/plugins/com.st.stm32cube.ide.mcu.externaltools.gnu-tools-for-stm32.13.3.rel1.win32_1.0.0.202411081344/tools/bin/../lib/gcc/arm-none-eabi/13.3.1/thumb/v8-m.main+fp/hard/crtbegin.o
                0x2000005c                        . = ALIGN (0x4)

.bss            0x2000005c      0x294 load address 0x08008734
                0x2000005c                        _sbss = .
                0x2000005c                        __bss_start__ = _sbss
 *(.bss)
 .bss           0x2000005c       0x1c D:/stm/STM32CubeIDE_1.18.1/STM32CubeIDE/plugins/com.st.stm32cube.ide.mcu.externaltools.gnu-tools-for-stm32.13.3.rel1.win32_1.0.0.202411081344/tools/bin/../lib/gcc/arm-none-eabi/13.3.1/thumb/v8-m.main+fp/hard/crtbegin.o
 *(.bss*)
 .bss.huart1    0x20000078       0x94 ./Core/Src/main.o
                0x20000078                huart1
 .bss.huart2    0x2000010c       0x94 ./Core/Src/main.o
                0x2000010c                huart2
 .bss.__sbrk_heap_end
                0x200001a0        0x4 ./Core/Src/sysmem.o
 .bss.uwTick    0x200001a4        0x4 ./Drivers/STM32H5xx_HAL_Driver/Src/stm32h5xx_hal.o
                0x200001a4                uwTick
 .bss.__sf      0x200001a8      0x138 D:/stm/STM32CubeIDE_1.18.1/STM32CubeIDE/plugins/com.st.stm32cube.ide.mcu.externaltools.gnu-tools-for-stm32.13.3.rel1.win32_1.0.0.202411081344/tools/bin/../lib/gcc/arm-none-eabi/13.3.1/../../../../arm-none-eabi/lib/thumb/v8-m.main+fp/hard\libc_nano.a(libc_a-findfp.o)
                0x200001a8                __sf
 .bss.errno     0x200002e0        0x4 D:/stm/STM32CubeIDE_1.18.1/STM32CubeIDE/plugins/com.st.stm32cube.ide.mcu.externaltools.gnu-tools-for-stm32.13.3.rel1.win32_1.0.0.202411081344/tools/bin/../lib/gcc/arm-none-eabi/13.3.1/../../../../arm-none-eabi/lib/thumb/v8-m.main+fp/hard\libc_nano.a(libc_a-reent.o)
                0x200002e0                errno
 .bss.__lock___malloc_recursive_mutex
                0x200002e4        0x1 D:/stm/STM32CubeIDE_1.18.1/STM32CubeIDE/plugins/com.st.stm32cube.ide.mcu.externaltools.gnu-tools-for-stm32.13.3.rel1.win32_1.0.0.202411081344/tools/bin/../lib/gcc/arm-none-eabi/13.3.1/../../../../arm-none-eabi/lib/thumb/v8-m.main+fp/hard\libc_nano.a(libc_a-lock.o)
                0x200002e4                __lock___malloc_recursive_mutex
 *fill*         0x200002e5        0x3 
 .bss.__malloc_sbrk_start
                0x200002e8        0x4 D:/stm/STM32CubeIDE_1.18.1/STM32CubeIDE/plugins/com.st.stm32cube.ide.mcu.externaltools.gnu-tools-for-stm32.13.3.rel1.win32_1.0.0.202411081344/tools/bin/../lib/gcc/arm-none-eabi/13.3.1/../../../../arm-none-eabi/lib/thumb/v8-m.main+fp/hard\libc_nano.a(libc_a-mallocr.o)
                0x200002e8                __malloc_sbrk_start
 .bss.__malloc_free_list
                0x200002ec        0x4 D:/stm/STM32CubeIDE_1.18.1/STM32CubeIDE/plugins/com.st.stm32cube.ide.mcu.externaltools.gnu-tools-for-stm32.13.3.rel1.win32_1.0.0.202411081344/tools/bin/../lib/gcc/arm-none-eabi/13.3.1/../../../../arm-none-eabi/lib/thumb/v8-m.main+fp/hard\libc_nano.a(libc_a-mallocr.o)
                0x200002ec                __malloc_free_list
 *(COMMON)
                0x200002f0                        . = ALIGN (0x4)
                0x200002f0                        _ebss = .
                0x200002f0                        __bss_end__ = _ebss

._user_heap_stack
                0x200002f0     0x1400 load address 0x08008734
                0x200002f0                        . = ALIGN (0x8)
                [!provide]                        PROVIDE (end = .)
                0x200002f0                        PROVIDE (_end = .)
                0x200006f0                        . = (. + _Min_Heap_Size)
 *fill*         0x200002f0      0x400 
                0x200016f0                        . = (. + _Min_Stack_Size)
 *fill*         0x200006f0     0x1000 
                0x200016f0                        . = ALIGN (0x8)

/DISCARD/
 libc.a(*)
 libm.a(*)
 libgcc.a(*)

.ARM.attributes
                0x00000000       0x36
 *(.ARM.attributes)
 .ARM.attributes
                0x00000000       0x26 D:/stm/STM32CubeIDE_1.18.1/STM32CubeIDE/plugins/com.st.stm32cube.ide.mcu.externaltools.gnu-tools-for-stm32.13.3.rel1.win32_1.0.0.202411081344/tools/bin/../lib/gcc/arm-none-eabi/13.3.1/thumb/v8-m.main+fp/hard/crti.o
 .ARM.attributes
                0x00000026       0x38 D:/stm/STM32CubeIDE_1.18.1/STM32CubeIDE/plugins/com.st.stm32cube.ide.mcu.externaltools.gnu-tools-for-stm32.13.3.rel1.win32_1.0.0.202411081344/tools/bin/../lib/gcc/arm-none-eabi/13.3.1/thumb/v8-m.main+fp/hard/crtbegin.o
 .ARM.attributes
                0x0000005e       0x3a ./Core/Src/main.o
 .ARM.attributes
                0x00000098       0x3a ./Core/Src/modules.o
 .ARM.attributes
                0x000000d2       0x3a ./Core/Src/stm32h5xx_hal_msp.o
 .ARM.attributes
                0x0000010c       0x3a ./Core/Src/stm32h5xx_it.o
 .ARM.attributes
                0x00000146       0x3a ./Core/Src/sysmem.o
 .ARM.attributes
                0x00000180       0x3a ./Core/Src/system_stm32h5xx.o
 .ARM.attributes
                0x000001ba       0x24 ./Core/Startup/startup_stm32h503cbtx.o
 .ARM.attributes
                0x000001de       0x3a ./Drivers/STM32H5xx_HAL_Driver/Src/stm32h5xx_hal.o
 .ARM.attributes
                0x00000218       0x3a ./Drivers/STM32H5xx_HAL_Driver/Src/stm32h5xx_hal_cortex.o
 .ARM.attributes
                0x00000252       0x3a ./Drivers/STM32H5xx_HAL_Driver/Src/stm32h5xx_hal_dma.o
 .ARM.attributes
                0x0000028c       0x3a ./Drivers/STM32H5xx_HAL_Driver/Src/stm32h5xx_hal_gpio.o
 .ARM.attributes
                0x000002c6       0x3a ./Drivers/STM32H5xx_HAL_Driver/Src/stm32h5xx_hal_rcc.o
 .ARM.attributes
                0x00000300       0x3a ./Drivers/STM32H5xx_HAL_Driver/Src/stm32h5xx_hal_rcc_ex.o
 .ARM.attributes
                0x0000033a       0x3a ./Drivers/STM32H5xx_HAL_Driver/Src/stm32h5xx_hal_uart.o
 .ARM.attributes
                0x00000374       0x3a ./Drivers/STM32H5xx_HAL_Driver/Src/stm32h5xx_hal_uart_ex.o
 .ARM.attributes
                0x000003ae       0x38 D:/stm/STM32CubeIDE_1.18.1/STM32CubeIDE/plugins/com.st.stm32cube.ide.mcu.externaltools.gnu-tools-for-stm32.13.3.rel1.win32_1.0.0.202411081344/tools/bin/../lib/gcc/arm-none-eabi/13.3.1/../../../../arm-none-eabi/lib/thumb/v8-m.main+fp/hard\libc_nano.a(libc_a-strtoul.o)
 .ARM.attributes
                0x000003e6       0x38 D:/stm/STM32CubeIDE_1.18.1/STM32CubeIDE/plugins/com.st.stm32cube.ide.mcu.externaltools.gnu-tools-for-stm32.13.3.rel1.win32_1.0.0.202411081344/tools/bin/../lib/gcc/arm-none-eabi/13.3.1/../../../../arm-none-eabi/lib/thumb/v8-m.main+fp/hard\libc_nano.a(libc_a-ctype_.o)
 .ARM.attributes
                0x0000041e       0x38 D:/stm/STM32CubeIDE_1.18.1/STM32CubeIDE/plugins/com.st.stm32cube.ide.mcu.externaltools.gnu-tools-for-stm32.13.3.rel1.win32_1.0.0.202411081344/tools/bin/../lib/gcc/arm-none-eabi/13.3.1/../../../../arm-none-eabi/lib/thumb/v8-m.main+fp/hard\libc_nano.a(libc_a-findfp.o)
 .ARM.attributes
                0x00000456       0x38 D:/stm/STM32CubeIDE_1.18.1/STM32CubeIDE/plugins/com.st.stm32cube.ide.mcu.externaltools.gnu-tools-for-stm32.13.3.rel1.win32_1.0.0.202411081344/tools/bin/../lib/gcc/arm-none-eabi/13.3.1/../../../../arm-none-eabi/lib/thumb/v8-m.main+fp/hard\libc_nano.a(libc_a-sprintf.o)
 .ARM.attributes
                0x0000048e       0x38 D:/stm/STM32CubeIDE_1.18.1/STM32CubeIDE/plugins/com.st.stm32cube.ide.mcu.externaltools.gnu-tools-for-stm32.13.3.rel1.win32_1.0.0.202411081344/tools/bin/../lib/gcc/arm-none-eabi/13.3.1/../../../../arm-none-eabi/lib/thumb/v8-m.main+fp/hard\libc_nano.a(libc_a-memset.o)
 .ARM.attributes
                0x000004c6       0x38 D:/stm/STM32CubeIDE_1.18.1/STM32CubeIDE/plugins/com.st.stm32cube.ide.mcu.externaltools.gnu-tools-for-stm32.13.3.rel1.win32_1.0.0.202411081344/tools/bin/../lib/gcc/arm-none-eabi/13.3.1/../../../../arm-none-eabi/lib/thumb/v8-m.main+fp/hard\libc_nano.a(libc_a-reent.o)
 .ARM.attributes
                0x000004fe       0x38 D:/stm/STM32CubeIDE_1.18.1/STM32CubeIDE/plugins/com.st.stm32cube.ide.mcu.externaltools.gnu-tools-for-stm32.13.3.rel1.win32_1.0.0.202411081344/tools/bin/../lib/gcc/arm-none-eabi/13.3.1/../../../../arm-none-eabi/lib/thumb/v8-m.main+fp/hard\libc_nano.a(libc_a-impure.o)
 .ARM.attributes
                0x00000536       0x38 D:/stm/STM32CubeIDE_1.18.1/STM32CubeIDE/plugins/com.st.stm32cube.ide.mcu.externaltools.gnu-tools-for-stm32.13.3.rel1.win32_1.0.0.202411081344/tools/bin/../lib/gcc/arm-none-eabi/13.3.1/../../../../arm-none-eabi/lib/thumb/v8-m.main+fp/hard\libc_nano.a(libc_a-errno.o)
 .ARM.attributes
                0x0000056e       0x38 D:/stm/STM32CubeIDE_1.18.1/STM32CubeIDE/plugins/com.st.stm32cube.ide.mcu.externaltools.gnu-tools-for-stm32.13.3.rel1.win32_1.0.0.202411081344/tools/bin/../lib/gcc/arm-none-eabi/13.3.1/../../../../arm-none-eabi/lib/thumb/v8-m.main+fp/hard\libc_nano.a(libc_a-init.o)
 .ARM.attributes
                0x000005a6       0x38 D:/stm/STM32CubeIDE_1.18.1/STM32CubeIDE/plugins/com.st.stm32cube.ide.mcu.externaltools.gnu-tools-for-stm32.13.3.rel1.win32_1.0.0.202411081344/tools/bin/../lib/gcc/arm-none-eabi/13.3.1/../../../../arm-none-eabi/lib/thumb/v8-m.main+fp/hard\libc_nano.a(libc_a-lock.o)
 .ARM.attributes
                0x000005de       0x24 D:/stm/STM32CubeIDE_1.18.1/STM32CubeIDE/plugins/com.st.stm32cube.ide.mcu.externaltools.gnu-tools-for-stm32.13.3.rel1.win32_1.0.0.202411081344/tools/bin/../lib/gcc/arm-none-eabi/13.3.1/../../../../arm-none-eabi/lib/thumb/v8-m.main+fp/hard\libc_nano.a(libc_a-strcmp.o)
 .ARM.attributes
                0x00000602       0x24 D:/stm/STM32CubeIDE_1.18.1/STM32CubeIDE/plugins/com.st.stm32cube.ide.mcu.externaltools.gnu-tools-for-stm32.13.3.rel1.win32_1.0.0.202411081344/tools/bin/../lib/gcc/arm-none-eabi/13.3.1/../../../../arm-none-eabi/lib/thumb/v8-m.main+fp/hard\libc_nano.a(libc_a-strlen.o)
 .ARM.attributes
                0x00000626       0x38 D:/stm/STM32CubeIDE_1.18.1/STM32CubeIDE/plugins/com.st.stm32cube.ide.mcu.externaltools.gnu-tools-for-stm32.13.3.rel1.win32_1.0.0.202411081344/tools/bin/../lib/gcc/arm-none-eabi/13.3.1/../../../../arm-none-eabi/lib/thumb/v8-m.main+fp/hard\libc_nano.a(libc_a-freer.o)
 .ARM.attributes
                0x0000065e       0x38 D:/stm/STM32CubeIDE_1.18.1/STM32CubeIDE/plugins/com.st.stm32cube.ide.mcu.externaltools.gnu-tools-for-stm32.13.3.rel1.win32_1.0.0.202411081344/tools/bin/../lib/gcc/arm-none-eabi/13.3.1/../../../../arm-none-eabi/lib/thumb/v8-m.main+fp/hard\libc_nano.a(libc_a-mallocr.o)
 .ARM.attributes
                0x00000696       0x38 D:/stm/STM32CubeIDE_1.18.1/STM32CubeIDE/plugins/com.st.stm32cube.ide.mcu.externaltools.gnu-tools-for-stm32.13.3.rel1.win32_1.0.0.202411081344/tools/bin/../lib/gcc/arm-none-eabi/13.3.1/../../../../arm-none-eabi/lib/thumb/v8-m.main+fp/hard\libc_nano.a(libc_a-mlock.o)
 .ARM.attributes
                0x000006ce       0x38 D:/stm/STM32CubeIDE_1.18.1/STM32CubeIDE/plugins/com.st.stm32cube.ide.mcu.externaltools.gnu-tools-for-stm32.13.3.rel1.win32_1.0.0.202411081344/tools/bin/../lib/gcc/arm-none-eabi/13.3.1/../../../../arm-none-eabi/lib/thumb/v8-m.main+fp/hard\libc_nano.a(libc_a-nano-svfprintf.o)
 .ARM.attributes
                0x00000706       0x38 D:/stm/STM32CubeIDE_1.18.1/STM32CubeIDE/plugins/com.st.stm32cube.ide.mcu.externaltools.gnu-tools-for-stm32.13.3.rel1.win32_1.0.0.202411081344/tools/bin/../lib/gcc/arm-none-eabi/13.3.1/../../../../arm-none-eabi/lib/thumb/v8-m.main+fp/hard\libc_nano.a(libc_a-nano-vfprintf_i.o)
 .ARM.attributes
                0x0000073e       0x38 D:/stm/STM32CubeIDE_1.18.1/STM32CubeIDE/plugins/com.st.stm32cube.ide.mcu.externaltools.gnu-tools-for-stm32.13.3.rel1.win32_1.0.0.202411081344/tools/bin/../lib/gcc/arm-none-eabi/13.3.1/../../../../arm-none-eabi/lib/thumb/v8-m.main+fp/hard\libc_nano.a(libc_a-memmove.o)
 .ARM.attributes
                0x00000776       0x38 D:/stm/STM32CubeIDE_1.18.1/STM32CubeIDE/plugins/com.st.stm32cube.ide.mcu.externaltools.gnu-tools-for-stm32.13.3.rel1.win32_1.0.0.202411081344/tools/bin/../lib/gcc/arm-none-eabi/13.3.1/../../../../arm-none-eabi/lib/thumb/v8-m.main+fp/hard\libc_nano.a(libc_a-sbrkr.o)
 .ARM.attributes
                0x000007ae       0x38 D:/stm/STM32CubeIDE_1.18.1/STM32CubeIDE/plugins/com.st.stm32cube.ide.mcu.externaltools.gnu-tools-for-stm32.13.3.rel1.win32_1.0.0.202411081344/tools/bin/../lib/gcc/arm-none-eabi/13.3.1/../../../../arm-none-eabi/lib/thumb/v8-m.main+fp/hard\libc_nano.a(libc_a-memchr-stub.o)
 .ARM.attributes
                0x000007e6       0x38 D:/stm/STM32CubeIDE_1.18.1/STM32CubeIDE/plugins/com.st.stm32cube.ide.mcu.externaltools.gnu-tools-for-stm32.13.3.rel1.win32_1.0.0.202411081344/tools/bin/../lib/gcc/arm-none-eabi/13.3.1/../../../../arm-none-eabi/lib/thumb/v8-m.main+fp/hard\libc_nano.a(libc_a-memcpy-stub.o)
 .ARM.attributes
                0x0000081e       0x38 D:/stm/STM32CubeIDE_1.18.1/STM32CubeIDE/plugins/com.st.stm32cube.ide.mcu.externaltools.gnu-tools-for-stm32.13.3.rel1.win32_1.0.0.202411081344/tools/bin/../lib/gcc/arm-none-eabi/13.3.1/../../../../arm-none-eabi/lib/thumb/v8-m.main+fp/hard\libc_nano.a(libc_a-reallocr.o)
 .ARM.attributes
                0x00000856       0x38 D:/stm/STM32CubeIDE_1.18.1/STM32CubeIDE/plugins/com.st.stm32cube.ide.mcu.externaltools.gnu-tools-for-stm32.13.3.rel1.win32_1.0.0.202411081344/tools/bin/../lib/gcc/arm-none-eabi/13.3.1/../../../../arm-none-eabi/lib/thumb/v8-m.main+fp/hard\libc_nano.a(libc_a-msizer.o)
 .ARM.attributes
                0x0000088e       0x26 D:/stm/STM32CubeIDE_1.18.1/STM32CubeIDE/plugins/com.st.stm32cube.ide.mcu.externaltools.gnu-tools-for-stm32.13.3.rel1.win32_1.0.0.202411081344/tools/bin/../lib/gcc/arm-none-eabi/13.3.1/thumb/v8-m.main+fp/hard\libgcc.a(_aeabi_uldivmod.o)
 .ARM.attributes
                0x000008b4       0x38 D:/stm/STM32CubeIDE_1.18.1/STM32CubeIDE/plugins/com.st.stm32cube.ide.mcu.externaltools.gnu-tools-for-stm32.13.3.rel1.win32_1.0.0.202411081344/tools/bin/../lib/gcc/arm-none-eabi/13.3.1/thumb/v8-m.main+fp/hard\libgcc.a(_udivmoddi4.o)
 .ARM.attributes
                0x000008ec       0x26 D:/stm/STM32CubeIDE_1.18.1/STM32CubeIDE/plugins/com.st.stm32cube.ide.mcu.externaltools.gnu-tools-for-stm32.13.3.rel1.win32_1.0.0.202411081344/tools/bin/../lib/gcc/arm-none-eabi/13.3.1/thumb/v8-m.main+fp/hard\libgcc.a(_dvmd_tls.o)
 .ARM.attributes
                0x00000912       0x26 D:/stm/STM32CubeIDE_1.18.1/STM32CubeIDE/plugins/com.st.stm32cube.ide.mcu.externaltools.gnu-tools-for-stm32.13.3.rel1.win32_1.0.0.202411081344/tools/bin/../lib/gcc/arm-none-eabi/13.3.1/thumb/v8-m.main+fp/hard/crtn.o
OUTPUT(BOOT.elf elf32-littlearm)
LOAD linker stubs
LOAD D:/stm/STM32CubeIDE_1.18.1/STM32CubeIDE/plugins/com.st.stm32cube.ide.mcu.externaltools.gnu-tools-for-stm32.13.3.rel1.win32_1.0.0.202411081344/tools/bin/../lib/gcc/arm-none-eabi/13.3.1/../../../../arm-none-eabi/lib/thumb/v8-m.main+fp/hard\libc.a
LOAD D:/stm/STM32CubeIDE_1.18.1/STM32CubeIDE/plugins/com.st.stm32cube.ide.mcu.externaltools.gnu-tools-for-stm32.13.3.rel1.win32_1.0.0.202411081344/tools/bin/../lib/gcc/arm-none-eabi/13.3.1/../../../../arm-none-eabi/lib/thumb/v8-m.main+fp/hard\libm.a
LOAD D:/stm/STM32CubeIDE_1.18.1/STM32CubeIDE/plugins/com.st.stm32cube.ide.mcu.externaltools.gnu-tools-for-stm32.13.3.rel1.win32_1.0.0.202411081344/tools/bin/../lib/gcc/arm-none-eabi/13.3.1/thumb/v8-m.main+fp/hard\libgcc.a

.debug_info     0x00000000     0xfc14
 .debug_info    0x00000000     0x1c53 ./Core/Src/main.o
 .debug_info    0x00001c53      0xe3b ./Core/Src/modules.o
 .debug_info    0x00002a8e     0x1331 ./Core/Src/stm32h5xx_hal_msp.o
 .debug_info    0x00003dbf      0x975 ./Core/Src/stm32h5xx_it.o
 .debug_info    0x00004734      0x168 ./Core/Src/sysmem.o
 .debug_info    0x0000489c      0xc0b ./Core/Src/system_stm32h5xx.o
 .debug_info    0x000054a7       0x30 ./Core/Startup/startup_stm32h503cbtx.o
 .debug_info    0x000054d7     0x1069 ./Drivers/STM32H5xx_HAL_Driver/Src/stm32h5xx_hal.o
 .debug_info    0x00006540     0x1522 ./Drivers/STM32H5xx_HAL_Driver/Src/stm32h5xx_hal_cortex.o
 .debug_info    0x00007a62      0xa85 ./Drivers/STM32H5xx_HAL_Driver/Src/stm32h5xx_hal_dma.o
 .debug_info    0x000084e7      0x6aa ./Drivers/STM32H5xx_HAL_Driver/Src/stm32h5xx_hal_gpio.o
 .debug_info    0x00008b91      0xfdf ./Drivers/STM32H5xx_HAL_Driver/Src/stm32h5xx_hal_rcc.o
 .debug_info    0x00009b70      0xf52 ./Drivers/STM32H5xx_HAL_Driver/Src/stm32h5xx_hal_rcc_ex.o
 .debug_info    0x0000aac2     0x4066 ./Drivers/STM32H5xx_HAL_Driver/Src/stm32h5xx_hal_uart.o
 .debug_info    0x0000eb28     0x10ec ./Drivers/STM32H5xx_HAL_Driver/Src/stm32h5xx_hal_uart_ex.o

.debug_abbrev   0x00000000     0x1fa3
 .debug_abbrev  0x00000000      0x366 ./Core/Src/main.o
 .debug_abbrev  0x00000366      0x249 ./Core/Src/modules.o
 .debug_abbrev  0x000005af      0x1fa ./Core/Src/stm32h5xx_hal_msp.o
 .debug_abbrev  0x000007a9      0x186 ./Core/Src/stm32h5xx_it.o
 .debug_abbrev  0x0000092f       0xbc ./Core/Src/sysmem.o
 .debug_abbrev  0x000009eb      0x13a ./Core/Src/system_stm32h5xx.o
 .debug_abbrev  0x00000b25       0x24 ./Core/Startup/startup_stm32h503cbtx.o
 .debug_abbrev  0x00000b49      0x2ac ./Drivers/STM32H5xx_HAL_Driver/Src/stm32h5xx_hal.o
 .debug_abbrev  0x00000df5      0x311 ./Drivers/STM32H5xx_HAL_Driver/Src/stm32h5xx_hal_cortex.o
 .debug_abbrev  0x00001106      0x1ff ./Drivers/STM32H5xx_HAL_Driver/Src/stm32h5xx_hal_dma.o
 .debug_abbrev  0x00001305      0x1db ./Drivers/STM32H5xx_HAL_Driver/Src/stm32h5xx_hal_gpio.o
 .debug_abbrev  0x000014e0      0x28e ./Drivers/STM32H5xx_HAL_Driver/Src/stm32h5xx_hal_rcc.o
 .debug_abbrev  0x0000176e      0x25c ./Drivers/STM32H5xx_HAL_Driver/Src/stm32h5xx_hal_rcc_ex.o
 .debug_abbrev  0x000019ca      0x305 ./Drivers/STM32H5xx_HAL_Driver/Src/stm32h5xx_hal_uart.o
 .debug_abbrev  0x00001ccf      0x2d4 ./Drivers/STM32H5xx_HAL_Driver/Src/stm32h5xx_hal_uart_ex.o

.debug_aranges  0x00000000      0xab0
 .debug_aranges
                0x00000000       0xb8 ./Core/Src/main.o
 .debug_aranges
                0x000000b8       0x80 ./Core/Src/modules.o
 .debug_aranges
                0x00000138       0x30 ./Core/Src/stm32h5xx_hal_msp.o
 .debug_aranges
                0x00000168       0x70 ./Core/Src/stm32h5xx_it.o
 .debug_aranges
                0x000001d8       0x20 ./Core/Src/sysmem.o
 .debug_aranges
                0x000001f8       0x28 ./Core/Src/system_stm32h5xx.o
 .debug_aranges
                0x00000220       0x28 ./Core/Startup/startup_stm32h503cbtx.o
 .debug_aranges
                0x00000248      0x1a0 ./Drivers/STM32H5xx_HAL_Driver/Src/stm32h5xx_hal.o
 .debug_aranges
                0x000003e8      0x140 ./Drivers/STM32H5xx_HAL_Driver/Src/stm32h5xx_hal_cortex.o
 .debug_aranges
                0x00000528       0x98 ./Drivers/STM32H5xx_HAL_Driver/Src/stm32h5xx_hal_dma.o
 .debug_aranges
                0x000005c0       0x78 ./Drivers/STM32H5xx_HAL_Driver/Src/stm32h5xx_hal_gpio.o
 .debug_aranges
                0x00000638       0xa0 ./Drivers/STM32H5xx_HAL_Driver/Src/stm32h5xx_hal_rcc.o
 .debug_aranges
                0x000006d8       0xe8 ./Drivers/STM32H5xx_HAL_Driver/Src/stm32h5xx_hal_rcc_ex.o
 .debug_aranges
                0x000007c0      0x248 ./Drivers/STM32H5xx_HAL_Driver/Src/stm32h5xx_hal_uart.o
 .debug_aranges
                0x00000a08       0xa8 ./Drivers/STM32H5xx_HAL_Driver/Src/stm32h5xx_hal_uart_ex.o

.debug_rnglists
                0x00000000      0x839
 .debug_rnglists
                0x00000000       0x90 ./Core/Src/main.o
 .debug_rnglists
                0x00000090       0x60 ./Core/Src/modules.o
 .debug_rnglists
                0x000000f0       0x20 ./Core/Src/stm32h5xx_hal_msp.o
 .debug_rnglists
                0x00000110       0x4f ./Core/Src/stm32h5xx_it.o
 .debug_rnglists
                0x0000015f       0x13 ./Core/Src/sysmem.o
 .debug_rnglists
                0x00000172       0x1b ./Core/Src/system_stm32h5xx.o
 .debug_rnglists
                0x0000018d       0x19 ./Core/Startup/startup_stm32h503cbtx.o
 .debug_rnglists
                0x000001a6      0x134 ./Drivers/STM32H5xx_HAL_Driver/Src/stm32h5xx_hal.o
 .debug_rnglists
                0x000002da       0xec ./Drivers/STM32H5xx_HAL_Driver/Src/stm32h5xx_hal_cortex.o
 .debug_rnglists
                0x000003c6       0x77 ./Drivers/STM32H5xx_HAL_Driver/Src/stm32h5xx_hal_dma.o
 .debug_rnglists
                0x0000043d       0x57 ./Drivers/STM32H5xx_HAL_Driver/Src/stm32h5xx_hal_gpio.o
 .debug_rnglists
                0x00000494       0x79 ./Drivers/STM32H5xx_HAL_Driver/Src/stm32h5xx_hal_rcc.o
 .debug_rnglists
                0x0000050d       0xb4 ./Drivers/STM32H5xx_HAL_Driver/Src/stm32h5xx_hal_rcc_ex.o
 .debug_rnglists
                0x000005c1      0x1f9 ./Drivers/STM32H5xx_HAL_Driver/Src/stm32h5xx_hal_uart.o
 .debug_rnglists
                0x000007ba       0x7f ./Drivers/STM32H5xx_HAL_Driver/Src/stm32h5xx_hal_uart_ex.o

.debug_macro    0x00000000    0x1f7a8
 .debug_macro   0x00000000      0x304 ./Core/Src/main.o
 .debug_macro   0x00000304      0xade ./Core/Src/main.o
 .debug_macro   0x00000de2      0x1c4 ./Core/Src/main.o
 .debug_macro   0x00000fa6       0x22 ./Core/Src/main.o
 .debug_macro   0x00000fc8       0x5b ./Core/Src/main.o
 .debug_macro   0x00001023       0x2a ./Core/Src/main.o
 .debug_macro   0x0000104d       0x94 ./Core/Src/main.o
 .debug_macro   0x000010e1       0x43 ./Core/Src/main.o
 .debug_macro   0x00001124       0x34 ./Core/Src/main.o
 .debug_macro   0x00001158      0x190 ./Core/Src/main.o
 .debug_macro   0x000012e8       0x57 ./Core/Src/main.o
 .debug_macro   0x0000133f      0x370 ./Core/Src/main.o
 .debug_macro   0x000016af       0x16 ./Core/Src/main.o
 .debug_macro   0x000016c5       0x4a ./Core/Src/main.o
 .debug_macro   0x0000170f       0x34 ./Core/Src/main.o
 .debug_macro   0x00001743       0x10 ./Core/Src/main.o
 .debug_macro   0x00001753       0x58 ./Core/Src/main.o
 .debug_macro   0x000017ab       0x8e ./Core/Src/main.o
 .debug_macro   0x00001839       0x1c ./Core/Src/main.o
 .debug_macro   0x00001855      0x185 ./Core/Src/main.o
 .debug_macro   0x000019da      0x19b ./Core/Src/main.o
 .debug_macro   0x00001b75       0x28 ./Core/Src/main.o
 .debug_macro   0x00001b9d       0x42 ./Core/Src/main.o
 .debug_macro   0x00001bdf      0x103 ./Core/Src/main.o
 .debug_macro   0x00001ce2       0x6a ./Core/Src/main.o
 .debug_macro   0x00001d4c      0x1df ./Core/Src/main.o
 .debug_macro   0x00001f2b       0x1c ./Core/Src/main.o
 .debug_macro   0x00001f47       0x29 ./Core/Src/main.o
 .debug_macro   0x00001f70       0xfb ./Core/Src/main.o
 .debug_macro   0x0000206b     0x1685 ./Core/Src/main.o
 .debug_macro   0x000036f0       0x5e ./Core/Src/main.o
 .debug_macro   0x0000374e    0x11feb ./Core/Src/main.o
 .debug_macro   0x00015739       0x6d ./Core/Src/main.o
 .debug_macro   0x000157a6     0x388a ./Core/Src/main.o
 .debug_macro   0x00019030       0x63 ./Core/Src/main.o
 .debug_macro   0x00019093     0x146a ./Core/Src/main.o
 .debug_macro   0x0001a4fd      0x75e ./Core/Src/main.o
 .debug_macro   0x0001ac5b      0x166 ./Core/Src/main.o
 .debug_macro   0x0001adc1      0x1a6 ./Core/Src/main.o
 .debug_macro   0x0001af67      0x527 ./Core/Src/main.o
 .debug_macro   0x0001b48e      0x40f ./Core/Src/main.o
 .debug_macro   0x0001b89d       0xd6 ./Core/Src/main.o
 .debug_macro   0x0001b973      0x1cd ./Core/Src/main.o
 .debug_macro   0x0001bb40      0x1c3 ./Core/Src/main.o
 .debug_macro   0x0001bd03      0x4e8 ./Core/Src/main.o
 .debug_macro   0x0001c1eb       0x58 ./Core/Src/main.o
 .debug_macro   0x0001c243      0x272 ./Core/Src/main.o
 .debug_macro   0x0001c4b5      0x1a6 ./Core/Src/main.o
 .debug_macro   0x0001c65b      0x693 ./Core/Src/main.o
 .debug_macro   0x0001ccee       0xa6 ./Core/Src/main.o
 .debug_macro   0x0001cd94      0x20a ./Core/Src/main.o
 .debug_macro   0x0001cf9e      0x38f ./Core/Src/main.o
 .debug_macro   0x0001d32d       0x16 ./Core/Src/main.o
 .debug_macro   0x0001d343       0x16 ./Core/Src/main.o
 .debug_macro   0x0001d359       0x3c ./Core/Src/main.o
 .debug_macro   0x0001d395       0x20 ./Core/Src/main.o
 .debug_macro   0x0001d3b5       0x1c ./Core/Src/main.o
 .debug_macro   0x0001d3d1       0x10 ./Core/Src/main.o
 .debug_macro   0x0001d3e1       0x1c ./Core/Src/main.o
 .debug_macro   0x0001d3fd       0x16 ./Core/Src/main.o
 .debug_macro   0x0001d413      0x146 ./Core/Src/main.o
 .debug_macro   0x0001d559       0x16 ./Core/Src/main.o
 .debug_macro   0x0001d56f       0x16 ./Core/Src/main.o
 .debug_macro   0x0001d585       0x29 ./Core/Src/main.o
 .debug_macro   0x0001d5ae      0x278 ./Core/Src/modules.o
 .debug_macro   0x0001d826       0x8e ./Core/Src/modules.o
 .debug_macro   0x0001d8b4       0x51 ./Core/Src/modules.o
 .debug_macro   0x0001d905       0x10 ./Core/Src/modules.o
 .debug_macro   0x0001d915       0x61 ./Core/Src/modules.o
 .debug_macro   0x0001d976      0x263 ./Core/Src/stm32h5xx_hal_msp.o
 .debug_macro   0x0001dbd9      0x26d ./Core/Src/stm32h5xx_it.o
 .debug_macro   0x0001de46      0x112 ./Core/Src/sysmem.o
 .debug_macro   0x0001df58      0x23c ./Core/Src/sysmem.o
 .debug_macro   0x0001e194      0x260 ./Core/Src/system_stm32h5xx.o
 .debug_macro   0x0001e3f4      0x289 ./Drivers/STM32H5xx_HAL_Driver/Src/stm32h5xx_hal.o
 .debug_macro   0x0001e67d      0x259 ./Drivers/STM32H5xx_HAL_Driver/Src/stm32h5xx_hal_cortex.o
 .debug_macro   0x0001e8d6      0x25a ./Drivers/STM32H5xx_HAL_Driver/Src/stm32h5xx_hal_dma.o
 .debug_macro   0x0001eb30      0x28f ./Drivers/STM32H5xx_HAL_Driver/Src/stm32h5xx_hal_gpio.o
 .debug_macro   0x0001edbf      0x29b ./Drivers/STM32H5xx_HAL_Driver/Src/stm32h5xx_hal_rcc.o
 .debug_macro   0x0001f05a      0x265 ./Drivers/STM32H5xx_HAL_Driver/Src/stm32h5xx_hal_rcc_ex.o
 .debug_macro   0x0001f2bf      0x284 ./Drivers/STM32H5xx_HAL_Driver/Src/stm32h5xx_hal_uart.o
 .debug_macro   0x0001f543      0x265 ./Drivers/STM32H5xx_HAL_Driver/Src/stm32h5xx_hal_uart_ex.o

.debug_line     0x00000000     0xebd8
 .debug_line    0x00000000     0x106b ./Core/Src/main.o
 .debug_line    0x0000106b      0xd65 ./Core/Src/modules.o
 .debug_line    0x00001dd0      0x906 ./Core/Src/stm32h5xx_hal_msp.o
 .debug_line    0x000026d6      0x92d ./Core/Src/stm32h5xx_it.o
 .debug_line    0x00003003      0x58d ./Core/Src/sysmem.o
 .debug_line    0x00003590      0x9c2 ./Core/Src/system_stm32h5xx.o
 .debug_line    0x00003f52       0x77 ./Core/Startup/startup_stm32h503cbtx.o
 .debug_line    0x00003fc9      0xe23 ./Drivers/STM32H5xx_HAL_Driver/Src/stm32h5xx_hal.o
 .debug_line    0x00004dec      0xea1 ./Drivers/STM32H5xx_HAL_Driver/Src/stm32h5xx_hal_cortex.o
 .debug_line    0x00005c8d     0x114d ./Drivers/STM32H5xx_HAL_Driver/Src/stm32h5xx_hal_dma.o
 .debug_line    0x00006dda      0xc5b ./Drivers/STM32H5xx_HAL_Driver/Src/stm32h5xx_hal_gpio.o
 .debug_line    0x00007a35     0x13c2 ./Drivers/STM32H5xx_HAL_Driver/Src/stm32h5xx_hal_rcc.o
 .debug_line    0x00008df7     0x1beb ./Drivers/STM32H5xx_HAL_Driver/Src/stm32h5xx_hal_rcc_ex.o
 .debug_line    0x0000a9e2     0x3432 ./Drivers/STM32H5xx_HAL_Driver/Src/stm32h5xx_hal_uart.o
 .debug_line    0x0000de14      0xdc4 ./Drivers/STM32H5xx_HAL_Driver/Src/stm32h5xx_hal_uart_ex.o

.debug_str      0x00000000    0xc2107
 .debug_str     0x00000000    0xc2107 ./Core/Src/main.o
                              0xbed44 (size before relaxing)
 .debug_str     0x000c2107    0xbdfb6 ./Core/Src/modules.o
 .debug_str     0x000c2107    0xbe7dc ./Core/Src/stm32h5xx_hal_msp.o
 .debug_str     0x000c2107    0xbde35 ./Core/Src/stm32h5xx_it.o
 .debug_str     0x000c2107     0x777e ./Core/Src/sysmem.o
 .debug_str     0x000c2107    0xbdc15 ./Core/Src/system_stm32h5xx.o
 .debug_str     0x000c2107       0x5e ./Core/Startup/startup_stm32h503cbtx.o
 .debug_str     0x000c2107    0xbe788 ./Drivers/STM32H5xx_HAL_Driver/Src/stm32h5xx_hal.o
 .debug_str     0x000c2107    0xbe4f2 ./Drivers/STM32H5xx_HAL_Driver/Src/stm32h5xx_hal_cortex.o
 .debug_str     0x000c2107    0xbde48 ./Drivers/STM32H5xx_HAL_Driver/Src/stm32h5xx_hal_dma.o
 .debug_str     0x000c2107    0xbdaf3 ./Drivers/STM32H5xx_HAL_Driver/Src/stm32h5xx_hal_gpio.o
 .debug_str     0x000c2107    0xbe155 ./Drivers/STM32H5xx_HAL_Driver/Src/stm32h5xx_hal_rcc.o
 .debug_str     0x000c2107    0xbe2ac ./Drivers/STM32H5xx_HAL_Driver/Src/stm32h5xx_hal_rcc_ex.o
 .debug_str     0x000c2107    0xbe7d8 ./Drivers/STM32H5xx_HAL_Driver/Src/stm32h5xx_hal_uart.o
 .debug_str     0x000c2107    0xbe1a9 ./Drivers/STM32H5xx_HAL_Driver/Src/stm32h5xx_hal_uart_ex.o

.comment        0x00000000       0x43
 .comment       0x00000000       0x43 ./Core/Src/main.o
                                 0x44 (size before relaxing)
 .comment       0x00000043       0x44 ./Core/Src/modules.o
 .comment       0x00000043       0x44 ./Core/Src/stm32h5xx_hal_msp.o
 .comment       0x00000043       0x44 ./Core/Src/stm32h5xx_it.o
 .comment       0x00000043       0x44 ./Core/Src/sysmem.o
 .comment       0x00000043       0x44 ./Core/Src/system_stm32h5xx.o
 .comment       0x00000043       0x44 ./Drivers/STM32H5xx_HAL_Driver/Src/stm32h5xx_hal.o
 .comment       0x00000043       0x44 ./Drivers/STM32H5xx_HAL_Driver/Src/stm32h5xx_hal_cortex.o
 .comment       0x00000043       0x44 ./Drivers/STM32H5xx_HAL_Driver/Src/stm32h5xx_hal_dma.o
 .comment       0x00000043       0x44 ./Drivers/STM32H5xx_HAL_Driver/Src/stm32h5xx_hal_gpio.o
 .comment       0x00000043       0x44 ./Drivers/STM32H5xx_HAL_Driver/Src/stm32h5xx_hal_rcc.o
 .comment       0x00000043       0x44 ./Drivers/STM32H5xx_HAL_Driver/Src/stm32h5xx_hal_rcc_ex.o
 .comment       0x00000043       0x44 ./Drivers/STM32H5xx_HAL_Driver/Src/stm32h5xx_hal_uart.o
 .comment       0x00000043       0x44 ./Drivers/STM32H5xx_HAL_Driver/Src/stm32h5xx_hal_uart_ex.o

.debug_frame    0x00000000     0x312c
 .debug_frame   0x00000000      0x2c4 ./Core/Src/main.o
 .debug_frame   0x000002c4      0x1cc ./Core/Src/modules.o
 .debug_frame   0x00000490       0x7c ./Core/Src/stm32h5xx_hal_msp.o
 .debug_frame   0x0000050c      0x13c ./Core/Src/stm32h5xx_it.o
 .debug_frame   0x00000648       0x34 ./Core/Src/sysmem.o
 .debug_frame   0x0000067c       0x60 ./Core/Src/system_stm32h5xx.o
 .debug_frame   0x000006dc      0x66c ./Drivers/STM32H5xx_HAL_Driver/Src/stm32h5xx_hal.o
 .debug_frame   0x00000d48      0x560 ./Drivers/STM32H5xx_HAL_Driver/Src/stm32h5xx_hal_cortex.o
 .debug_frame   0x000012a8      0x278 ./Drivers/STM32H5xx_HAL_Driver/Src/stm32h5xx_hal_dma.o
 .debug_frame   0x00001520      0x1ec ./Drivers/STM32H5xx_HAL_Driver/Src/stm32h5xx_hal_gpio.o
 .debug_frame   0x0000170c      0x264 ./Drivers/STM32H5xx_HAL_Driver/Src/stm32h5xx_hal_rcc.o
 .debug_frame   0x00001970      0x3d8 ./Drivers/STM32H5xx_HAL_Driver/Src/stm32h5xx_hal_rcc_ex.o
 .debug_frame   0x00001d48      0xa84 ./Drivers/STM32H5xx_HAL_Driver/Src/stm32h5xx_hal_uart.o
 .debug_frame   0x000027cc      0x2c4 ./Drivers/STM32H5xx_HAL_Driver/Src/stm32h5xx_hal_uart_ex.o
 .debug_frame   0x00002a90       0x64 D:/stm/STM32CubeIDE_1.18.1/STM32CubeIDE/plugins/com.st.stm32cube.ide.mcu.externaltools.gnu-tools-for-stm32.13.3.rel1.win32_1.0.0.202411081344/tools/bin/../lib/gcc/arm-none-eabi/13.3.1/../../../../arm-none-eabi/lib/thumb/v8-m.main+fp/hard\libc_nano.a(libc_a-strtoul.o)
 .debug_frame   0x00002af4      0x144 D:/stm/STM32CubeIDE_1.18.1/STM32CubeIDE/plugins/com.st.stm32cube.ide.mcu.externaltools.gnu-tools-for-stm32.13.3.rel1.win32_1.0.0.202411081344/tools/bin/../lib/gcc/arm-none-eabi/13.3.1/../../../../arm-none-eabi/lib/thumb/v8-m.main+fp/hard\libc_nano.a(libc_a-findfp.o)
 .debug_frame   0x00002c38       0x74 D:/stm/STM32CubeIDE_1.18.1/STM32CubeIDE/plugins/com.st.stm32cube.ide.mcu.externaltools.gnu-tools-for-stm32.13.3.rel1.win32_1.0.0.202411081344/tools/bin/../lib/gcc/arm-none-eabi/13.3.1/../../../../arm-none-eabi/lib/thumb/v8-m.main+fp/hard\libc_nano.a(libc_a-sprintf.o)
 .debug_frame   0x00002cac       0x20 D:/stm/STM32CubeIDE_1.18.1/STM32CubeIDE/plugins/com.st.stm32cube.ide.mcu.externaltools.gnu-tools-for-stm32.13.3.rel1.win32_1.0.0.202411081344/tools/bin/../lib/gcc/arm-none-eabi/13.3.1/../../../../arm-none-eabi/lib/thumb/v8-m.main+fp/hard\libc_nano.a(libc_a-memset.o)
 .debug_frame   0x00002ccc       0x38 D:/stm/STM32CubeIDE_1.18.1/STM32CubeIDE/plugins/com.st.stm32cube.ide.mcu.externaltools.gnu-tools-for-stm32.13.3.rel1.win32_1.0.0.202411081344/tools/bin/../lib/gcc/arm-none-eabi/13.3.1/../../../../arm-none-eabi/lib/thumb/v8-m.main+fp/hard\libc_nano.a(libc_a-reent.o)
 .debug_frame   0x00002d04       0x20 D:/stm/STM32CubeIDE_1.18.1/STM32CubeIDE/plugins/com.st.stm32cube.ide.mcu.externaltools.gnu-tools-for-stm32.13.3.rel1.win32_1.0.0.202411081344/tools/bin/../lib/gcc/arm-none-eabi/13.3.1/../../../../arm-none-eabi/lib/thumb/v8-m.main+fp/hard\libc_nano.a(libc_a-errno.o)
 .debug_frame   0x00002d24       0x2c D:/stm/STM32CubeIDE_1.18.1/STM32CubeIDE/plugins/com.st.stm32cube.ide.mcu.externaltools.gnu-tools-for-stm32.13.3.rel1.win32_1.0.0.202411081344/tools/bin/../lib/gcc/arm-none-eabi/13.3.1/../../../../arm-none-eabi/lib/thumb/v8-m.main+fp/hard\libc_nano.a(libc_a-init.o)
 .debug_frame   0x00002d50       0xb0 D:/stm/STM32CubeIDE_1.18.1/STM32CubeIDE/plugins/com.st.stm32cube.ide.mcu.externaltools.gnu-tools-for-stm32.13.3.rel1.win32_1.0.0.202411081344/tools/bin/../lib/gcc/arm-none-eabi/13.3.1/../../../../arm-none-eabi/lib/thumb/v8-m.main+fp/hard\libc_nano.a(libc_a-lock.o)
 .debug_frame   0x00002e00       0x20 D:/stm/STM32CubeIDE_1.18.1/STM32CubeIDE/plugins/com.st.stm32cube.ide.mcu.externaltools.gnu-tools-for-stm32.13.3.rel1.win32_1.0.0.202411081344/tools/bin/../lib/gcc/arm-none-eabi/13.3.1/../../../../arm-none-eabi/lib/thumb/v8-m.main+fp/hard\libc_nano.a(libc_a-strcmp.o)
 .debug_frame   0x00002e20       0x38 D:/stm/STM32CubeIDE_1.18.1/STM32CubeIDE/plugins/com.st.stm32cube.ide.mcu.externaltools.gnu-tools-for-stm32.13.3.rel1.win32_1.0.0.202411081344/tools/bin/../lib/gcc/arm-none-eabi/13.3.1/../../../../arm-none-eabi/lib/thumb/v8-m.main+fp/hard\libc_nano.a(libc_a-freer.o)
 .debug_frame   0x00002e58       0x50 D:/stm/STM32CubeIDE_1.18.1/STM32CubeIDE/plugins/com.st.stm32cube.ide.mcu.externaltools.gnu-tools-for-stm32.13.3.rel1.win32_1.0.0.202411081344/tools/bin/../lib/gcc/arm-none-eabi/13.3.1/../../../../arm-none-eabi/lib/thumb/v8-m.main+fp/hard\libc_nano.a(libc_a-mallocr.o)
 .debug_frame   0x00002ea8       0x30 D:/stm/STM32CubeIDE_1.18.1/STM32CubeIDE/plugins/com.st.stm32cube.ide.mcu.externaltools.gnu-tools-for-stm32.13.3.rel1.win32_1.0.0.202411081344/tools/bin/../lib/gcc/arm-none-eabi/13.3.1/../../../../arm-none-eabi/lib/thumb/v8-m.main+fp/hard\libc_nano.a(libc_a-mlock.o)
 .debug_frame   0x00002ed8       0x90 D:/stm/STM32CubeIDE_1.18.1/STM32CubeIDE/plugins/com.st.stm32cube.ide.mcu.externaltools.gnu-tools-for-stm32.13.3.rel1.win32_1.0.0.202411081344/tools/bin/../lib/gcc/arm-none-eabi/13.3.1/../../../../arm-none-eabi/lib/thumb/v8-m.main+fp/hard\libc_nano.a(libc_a-nano-svfprintf.o)
 .debug_frame   0x00002f68       0x60 D:/stm/STM32CubeIDE_1.18.1/STM32CubeIDE/plugins/com.st.stm32cube.ide.mcu.externaltools.gnu-tools-for-stm32.13.3.rel1.win32_1.0.0.202411081344/tools/bin/../lib/gcc/arm-none-eabi/13.3.1/../../../../arm-none-eabi/lib/thumb/v8-m.main+fp/hard\libc_nano.a(libc_a-nano-vfprintf_i.o)
 .debug_frame   0x00002fc8       0x28 D:/stm/STM32CubeIDE_1.18.1/STM32CubeIDE/plugins/com.st.stm32cube.ide.mcu.externaltools.gnu-tools-for-stm32.13.3.rel1.win32_1.0.0.202411081344/tools/bin/../lib/gcc/arm-none-eabi/13.3.1/../../../../arm-none-eabi/lib/thumb/v8-m.main+fp/hard\libc_nano.a(libc_a-memmove.o)
 .debug_frame   0x00002ff0       0x2c D:/stm/STM32CubeIDE_1.18.1/STM32CubeIDE/plugins/com.st.stm32cube.ide.mcu.externaltools.gnu-tools-for-stm32.13.3.rel1.win32_1.0.0.202411081344/tools/bin/../lib/gcc/arm-none-eabi/13.3.1/../../../../arm-none-eabi/lib/thumb/v8-m.main+fp/hard\libc_nano.a(libc_a-sbrkr.o)
 .debug_frame   0x0000301c       0x28 D:/stm/STM32CubeIDE_1.18.1/STM32CubeIDE/plugins/com.st.stm32cube.ide.mcu.externaltools.gnu-tools-for-stm32.13.3.rel1.win32_1.0.0.202411081344/tools/bin/../lib/gcc/arm-none-eabi/13.3.1/../../../../arm-none-eabi/lib/thumb/v8-m.main+fp/hard\libc_nano.a(libc_a-memchr-stub.o)
 .debug_frame   0x00003044       0x28 D:/stm/STM32CubeIDE_1.18.1/STM32CubeIDE/plugins/com.st.stm32cube.ide.mcu.externaltools.gnu-tools-for-stm32.13.3.rel1.win32_1.0.0.202411081344/tools/bin/../lib/gcc/arm-none-eabi/13.3.1/../../../../arm-none-eabi/lib/thumb/v8-m.main+fp/hard\libc_nano.a(libc_a-memcpy-stub.o)
 .debug_frame   0x0000306c       0x3c D:/stm/STM32CubeIDE_1.18.1/STM32CubeIDE/plugins/com.st.stm32cube.ide.mcu.externaltools.gnu-tools-for-stm32.13.3.rel1.win32_1.0.0.202411081344/tools/bin/../lib/gcc/arm-none-eabi/13.3.1/../../../../arm-none-eabi/lib/thumb/v8-m.main+fp/hard\libc_nano.a(libc_a-reallocr.o)
 .debug_frame   0x000030a8       0x20 D:/stm/STM32CubeIDE_1.18.1/STM32CubeIDE/plugins/com.st.stm32cube.ide.mcu.externaltools.gnu-tools-for-stm32.13.3.rel1.win32_1.0.0.202411081344/tools/bin/../lib/gcc/arm-none-eabi/13.3.1/../../../../arm-none-eabi/lib/thumb/v8-m.main+fp/hard\libc_nano.a(libc_a-msizer.o)
 .debug_frame   0x000030c8       0x2c D:/stm/STM32CubeIDE_1.18.1/STM32CubeIDE/plugins/com.st.stm32cube.ide.mcu.externaltools.gnu-tools-for-stm32.13.3.rel1.win32_1.0.0.202411081344/tools/bin/../lib/gcc/arm-none-eabi/13.3.1/thumb/v8-m.main+fp/hard\libgcc.a(_aeabi_uldivmod.o)
 .debug_frame   0x000030f4       0x38 D:/stm/STM32CubeIDE_1.18.1/STM32CubeIDE/plugins/com.st.stm32cube.ide.mcu.externaltools.gnu-tools-for-stm32.13.3.rel1.win32_1.0.0.202411081344/tools/bin/../lib/gcc/arm-none-eabi/13.3.1/thumb/v8-m.main+fp/hard\libgcc.a(_udivmoddi4.o)

.debug_line_str
                0x00000000       0x42
 .debug_line_str
                0x00000000       0x42 ./Core/Startup/startup_stm32h503cbtx.o
